Component: ARM Compiler 5.06 update 4 (build 422) Tool: armlink [4d35d2]

==============================================================================

Section Cross References

    main.o(.text) refers to os_core.o(.text) for OSSchedRoundRobinCfg
    main.o(.text) refers to cpu_core.o(.text) for CPU_Init
    main.o(.text) refers to cpu_a.o(.text) for CPU_SR_Save
    main.o(.text) refers to buffprintf.o(.text) for BuffPrintf_Init
    main.o(.text) refers to os_task.o(.text) for OSTaskCreate
    main.o(.text) refers to auto_navigation_app.o(.text) for auto_navigation_app_init
    main.o(.text) refers to sensors_update_app.o(.text) for sensors_update_app_init
    main.o(.text) refers to data_storage_app.o(.text) for data_storage_app_init
    main.o(.text) refers to swim_control_app.o(.text) for swim_control_app_init
    main.o(.text) refers to command_analysis_app.o(.text) for command_analysis_app_init
    main.o(.text) refers to data_sendback_app.o(.text) for data_sendback_app_init
    main.o(.text) refers to data_show_app.o(.text) for data_show_app_init
    main.o(.text) refers to delay.o(.text) for delay_init
    main.o(.text) refers to misc.o(.text) for NVIC_PriorityGroupConfig
    main.o(.text) refers to led.o(.text) for led_init
    main.o(.text) refers to usart3.o(.text) for uart3_init
    main.o(.text) refers to usart2.o(.text) for uart2_init
    main.o(.text) refers to usart6.o(.text) for uart6_init
    main.o(.text) refers to servo_pwm.o(.text) for servo_init
    main.o(.text) refers to ads1115.o(.text) for ads1115_init
    main.o(.text) refers to ms5837.o(.text) for ms5837_init
    main.o(.text) refers to myprintf.o(.text) for MyPrintf
    main.o(.text) refers to sdio_sdcard.o(.text) for SD_Init
    main.o(.text) refers to malloc.o(.text) for my_mem_init
    main.o(.text) refers to fattester.o(.text) for mf_mount
    main.o(.text) refers to jy901.o(.text) for JY901_init
    main.o(.text) refers to tfmini.o(.text) for TFmini_init
    main.o(.text) refers to e18.o(.text) for E18_init
    main.o(.text) refers to os_var.o(.data) for OSSchedLockNestingCtr
    main.o(.text) refers to main.o(.bss) for TEST_TASK_STK
    system_stm32f4xx.o(.text) refers to system_stm32f4xx.o(.data) for SystemCoreClock
    startup_stm32f40_41xxx.o(STACK) refers (Special) to heapauxi.o(.text) for __use_two_region_memory
    startup_stm32f40_41xxx.o(HEAP) refers (Special) to heapauxi.o(.text) for __use_two_region_memory
    startup_stm32f40_41xxx.o(RESET) refers (Special) to heapauxi.o(.text) for __use_two_region_memory
    startup_stm32f40_41xxx.o(RESET) refers to startup_stm32f40_41xxx.o(STACK) for __initial_sp
    startup_stm32f40_41xxx.o(RESET) refers to startup_stm32f40_41xxx.o(.text) for Reset_Handler
    startup_stm32f40_41xxx.o(RESET) refers to stm32f4xx_it.o(.text) for NMI_Handler
    startup_stm32f40_41xxx.o(RESET) refers to os_cpu_a.o(CODE) for PendSV_Handler
    startup_stm32f40_41xxx.o(RESET) refers to delay.o(.text) for SysTick_Handler
    startup_stm32f40_41xxx.o(RESET) refers to usart1.o(.text) for USART1_IRQHandler
    startup_stm32f40_41xxx.o(RESET) refers to usart2.o(.text) for USART2_IRQHandler
    startup_stm32f40_41xxx.o(RESET) refers to usart3.o(.text) for USART3_IRQHandler
    startup_stm32f40_41xxx.o(RESET) refers to sdio_sdcard.o(.text) for SDIO_IRQHandler
    startup_stm32f40_41xxx.o(RESET) refers to usart6.o(.text) for USART6_IRQHandler
    startup_stm32f40_41xxx.o(.text) refers (Special) to heapauxi.o(.text) for __use_two_region_memory
    startup_stm32f40_41xxx.o(.text) refers to system_stm32f4xx.o(.text) for SystemInit
    startup_stm32f40_41xxx.o(.text) refers to __main.o(!!!main) for __main
    startup_stm32f40_41xxx.o(.text) refers to startup_stm32f40_41xxx.o(HEAP) for Heap_Mem
    startup_stm32f40_41xxx.o(.text) refers to startup_stm32f40_41xxx.o(STACK) for Stack_Mem
    stm32f4xx_adc.o(.text) refers to stm32f4xx_rcc.o(.text) for RCC_APB2PeriphResetCmd
    stm32f4xx_can.o(.text) refers to stm32f4xx_rcc.o(.text) for RCC_APB1PeriphResetCmd
    stm32f4xx_cryp.o(.text) refers to stm32f4xx_rcc.o(.text) for RCC_AHB2PeriphResetCmd
    stm32f4xx_cryp_aes.o(.text) refers to stm32f4xx_cryp.o(.text) for CRYP_KeyStructInit
    stm32f4xx_cryp_des.o(.text) refers to stm32f4xx_cryp.o(.text) for CRYP_KeyStructInit
    stm32f4xx_cryp_tdes.o(.text) refers to stm32f4xx_cryp.o(.text) for CRYP_KeyStructInit
    stm32f4xx_dac.o(.text) refers to stm32f4xx_rcc.o(.text) for RCC_APB1PeriphResetCmd
    stm32f4xx_dma2d.o(.text) refers to stm32f4xx_rcc.o(.text) for RCC_AHB1PeriphResetCmd
    stm32f4xx_fsmc.o(.text) refers to stm32f4xx_fsmc.o(.constdata) for FSMC_DefaultTimingStruct
    stm32f4xx_gpio.o(.text) refers to stm32f4xx_rcc.o(.text) for RCC_AHB1PeriphResetCmd
    stm32f4xx_hash.o(.text) refers to stm32f4xx_rcc.o(.text) for RCC_AHB2PeriphResetCmd
    stm32f4xx_hash_md5.o(.text) refers to stm32f4xx_hash.o(.text) for HASH_DeInit
    stm32f4xx_hash_sha1.o(.text) refers to stm32f4xx_hash.o(.text) for HASH_DeInit
[...]
    OS_TickListRemove                        0x08011bb5   Thumb Code    56  os_tick.o(.text)
    OS_TickListUpdate                        0x08011bed   Thumb Code   480  os_tick.o(.text)
    OS_TickTask                              0x08011dcd   Thumb Code    38  os_tick.o(.text)
    OS_TickListInit                          0x08011df3   Thumb Code    32  os_tick.o(.text)
    OS_TickTaskInit                          0x08011e13   Thumb Code   130  os_tick.o(.text)
    OS_TickListInsert                        0x08011e95   Thumb Code   502  os_tick.o(.text)
    OS_TickListResetPeak                     0x0801208b   Thumb Code    28  os_tick.o(.text)
    OSTimeDly                                0x080120b1   Thumb Code   266  os_time.o(.text)
    OSTimeDlyHMSM                            0x080121bb   Thumb Code   480  os_time.o(.text)
    OSTimeDlyResume                          0x0801239b   Thumb Code   466  os_time.o(.text)
    OSTimeGet                                0x0801256d   Thumb Code    46  os_time.o(.text)
    OSTimeSet                                0x0801259b   Thumb Code    46  os_time.o(.text)
    OSTimeTick                               0x080125c9   Thumb Code    54  os_time.o(.text)
    OS_TmrDbgListAdd                         0x08012615   Thumb Code    34  os_tmr.o(.text)
    OSTmrCreate                              0x08012637   Thumb Code   248  os_tmr.o(.text)
    OS_TmrClr                                0x0801272f   Thumb Code    36  os_tmr.o(.text)
    OS_TmrUnlink                             0x08012753   Thumb Code    72  os_tmr.o(.text)
    OS_TmrDbgListRemove                      0x0801279b   Thumb Code    44  os_tmr.o(.text)
    OSTmrDel                                 0x080127c7   Thumb Code   176  os_tmr.o(.text)
    OSTmrRemainGet                           0x08012877   Thumb Code   184  os_tmr.o(.text)
    OS_TmrLink                               0x0801292f   Thumb Code   196  os_tmr.o(.text)
    OSTmrStart                               0x080129f3   Thumb Code   210  os_tmr.o(.text)
    OSTmrStateGet                            0x08012ac5   Thumb Code   134  os_tmr.o(.text)
    OSTmrStop                                0x08012b4b   Thumb Code   232  os_tmr.o(.text)
    OS_TmrTask                               0x08012c33   Thumb Code   176  os_tmr.o(.text)
    OS_TmrInit                               0x08012ce3   Thumb Code   208  os_tmr.o(.text)
    OS_TmrResetPeak                          0x08012db3   Thumb Code    28  os_tmr.o(.text)
    OSIdleTaskHook                           0x08012e2d   Thumb Code    16  os_cpu_c.o(.text)
    OSInitHook                               0x08012e3d   Thumb Code    28  os_cpu_c.o(.text)
    OSStatTaskHook                           0x08012e59   Thumb Code    16  os_cpu_c.o(.text)
    OSTaskCreateHook                         0x08012e69   Thumb Code    20  os_cpu_c.o(.text)
    OSTaskDelHook                            0x08012e7d   Thumb Code    20  os_cpu_c.o(.text)
    OSTaskReturnHook                         0x08012e91   Thumb Code    20  os_cpu_c.o(.text)
    OSTaskStkInit                            0x08012ea5   Thumb Code   600  os_cpu_c.o(.text)
    OSTaskSwHook                             0x080130fd   Thumb Code   120  os_cpu_c.o(.text)
    OSTimeTickHook                           0x08013175   Thumb Code    16  os_cpu_c.o(.text)
    OS_CPU_SysTickHandler                    0x08013185   Thumb Code    52  os_cpu_c.o(.text)
    OS_CPU_SysTickInit                       0x080131b9   Thumb Code    44  os_cpu_c.o(.text)
    disk_initialize                          0x08013225   Thumb Code    32  diskio.o(.text)
    disk_status                              0x08013245   Thumb Code     6  diskio.o(.text)
    disk_read                                0x0801324b   Thumb Code    86  diskio.o(.text)
    disk_write                               0x080132a1   Thumb Code    86  diskio.o(.text)
    disk_ioctl                               0x080132f7   Thumb Code   102  diskio.o(.text)
    get_fattime                              0x0801335d   Thumb Code     4  diskio.o(.text)
    ff_memalloc                              0x08013361   Thumb Code    12  diskio.o(.text)
    ff_memfree                               0x0801336d   Thumb Code    12  diskio.o(.text)
    clust2sect                               0x0801352b   Thumb Code    26  ff.o(.text)
    get_fat                                  0x08013545   Thumb Code   232  ff.o(.text)
    put_fat                                  0x0801362d   Thumb Code   310  ff.o(.text)
    dir_sdi                                  0x080138d7   Thumb Code   158  ff.o(.text)
    f_mount                                  0x08014947   Thumb Code    86  ff.o(.text)
    f_open                                   0x0801499d   Thumb Code   384  ff.o(.text)
    f_read                                   0x08014b1d   Thumb Code   450  ff.o(.text)
    f_write                                  0x08014cdf   Thumb Code   490  ff.o(.text)
    f_sync                                   0x08014ec9   Thumb Code   176  ff.o(.text)
    f_close                                  0x08014f79   Thumb Code    36  ff.o(.text)
    f_lseek                                  0x08014f9d   Thumb Code   654  ff.o(.text)
    f_opendir                                0x0801522b   Thumb Code   136  ff.o(.text)
    f_closedir                               0x080152b3   Thumb Code    22  ff.o(.text)
    f_readdir                                0x080152c9   Thumb Code   114  ff.o(.text)
    f_stat                                   0x0801533b   Thumb Code    84  ff.o(.text)
    f_getfree                                0x0801538f   Thumb Code   258  ff.o(.text)
    f_truncate                               0x08015491   Thumb Code   184  ff.o(.text)
    f_unlink                                 0x08015549   Thumb Code   194  ff.o(.text)
    f_mkdir                                  0x0801560b   Thumb Code   380  ff.o(.text)
    f_chmod                                  0x08015787   Thumb Code   112  ff.o(.text)
    f_utime                                  0x080157f7   Thumb Code   110  ff.o(.text)
    f_rename                                 0x08015865   Thumb Code   314  ff.o(.text)
    f_getlabel                               0x0801599f   Thumb Code   190  ff.o(.text)
    f_setlabel                               0x08015a5d   Thumb Code   470  ff.o(.text)
    f_mkfs                                   0x08015c33   Thumb Code  1570  ff.o(.text)
    f_gets                                   0x08016255   Thumb Code    82  ff.o(.text)
    f_putc                                   0x080162eb   Thumb Code    64  ff.o(.text)
    f_puts                                   0x0801632b   Thumb Code    74  ff.o(.text)
    f_printf                                 0x08016375   Thumb Code   674  ff.o(.text)
    ff_convert                               0x08016619   Thumb Code   116  cc936.o(.text)
    ff_wtoupper                              0x0801668d   Thumb Code    46  cc936.o(.text)
    mf_mount                                 0x080166cd   Thumb Code    20  fattester.o(.text)
    mf_open                                  0x080166e1   Thumb Code    24  fattester.o(.text)
    mf_close                                 0x080166f9   Thumb Code    14  fattester.o(.text)
    mf_read                                  0x08016707   Thumb Code   146  fattester.o(.text)
    mf_write                                 0x08016799   Thumb Code    36  fattester.o(.text)
    mf_opendir                               0x080167bd   Thumb Code    14  fattester.o(.text)
    mf_closedir                              0x080167cb   Thumb Code    10  fattester.o(.text)
    mf_readdir                               0x080167d5   Thumb Code   196  fattester.o(.text)
    mf_scan_files                            0x08016899   Thumb Code   106  fattester.o(.text)
    mf_showfree                              0x08016903   Thumb Code    88  fattester.o(.text)
    mf_lseek                                 0x0801695b   Thumb Code    16  fattester.o(.text)
    mf_tell                                  0x0801696b   Thumb Code     8  fattester.o(.text)
    mf_size                                  0x08016973   Thumb Code     8  fattester.o(.text)
    mf_mkdir                                 0x0801697b   Thumb Code    12  fattester.o(.text)
    mf_fmkfs                                 0x08016987   Thumb Code    20  fattester.o(.text)
    mf_unlink                                0x0801699b   Thumb Code    12  fattester.o(.text)
    mf_rename                                0x080169a7   Thumb Code    16  fattester.o(.text)
    mf_getlabel                              0x080169b7   Thumb Code    58  fattester.o(.text)
    mf_setlabel                              0x080169f1   Thumb Code    34  fattester.o(.text)
    mf_gets                                  0x08016a13   Thumb Code    38  fattester.o(.text)
    mf_putc                                  0x08016a39   Thumb Code    18  fattester.o(.text)
    mf_puts                                  0x08016a4b   Thumb Code    18  fattester.o(.text)
    __use_no_semihosting                     0x08016c61   Thumb Code     2  use_no_semi_2.o(.text)
    __aeabi_uldivmod                         0x08016c63   Thumb Code     0  lludivv7m.o(.text)
    _ll_udiv                                 0x08016c63   Thumb Code   238  lludivv7m.o(.text)
    __aeabi_ldivmod                          0x08016d51   Thumb Code     0  llsdiv.o(.text)
    _ll_sdiv                                 0x08016d51   Thumb Code    72  llsdiv.o(.text)
    __2sprintf                               0x08016d99   Thumb Code    34  noretval__2sprintf.o(.text)
    __printf                                 0x08016dc1   Thumb Code   104  __printf.o(.text)
    _printf_int_dec                          0x08016e29   Thumb Code   104  _printf_dec.o(.text)
    srand                                    0x08016ea1   Thumb Code    42  rand.o(.text)
    _rand_init                               0x08016ecb   Thumb Code     4  rand.o(.text)
    strcpy                                   0x08016edd   Thumb Code    72  strcpy.o(.text)
    __aeabi_memcpy                           0x08016f25   Thumb Code     0  rt_memcpy_v6.o(.text)
    __rt_memcpy                              0x08016f25   Thumb Code   138  rt_memcpy_v6.o(.text)
    _memcpy_lastbytes                        0x08016f8b   Thumb Code     0  rt_memcpy_v6.o(.text)
    __aeabi_memcpy4                          0x08016faf   Thumb Code     0  rt_memcpy_w.o(.text)
    __aeabi_memcpy8                          0x08016faf   Thumb Code     0  rt_memcpy_w.o(.text)
    __rt_memcpy_w                            0x08016faf   Thumb Code   100  rt_memcpy_w.o(.text)
    _memcpy_lastbytes_aligned                0x08016ff7   Thumb Code     0  rt_memcpy_w.o(.text)
    __aeabi_memclr4                          0x08017013   Thumb Code     0  rt_memclr_w.o(.text)
    __aeabi_memclr8                          0x08017013   Thumb Code     0  rt_memclr_w.o(.text)
    __rt_memclr_w                            0x08017013   Thumb Code    78  rt_memclr_w.o(.text)
    _memset_w                                0x08017017   Thumb Code     0  rt_memclr_w.o(.text)
    strcmp                                   0x08017061   Thumb Code   128  strcmpv7m.o(.text)
    __use_two_region_memory                  0x080170e1   Thumb Code     2  heapauxi.o(.text)
    __rt_heap_escrow$2region                 0x080170e3   Thumb Code     2  heapauxi.o(.text)
    __rt_heap_expand$2region                 0x080170e5   Thumb Code     2  heapauxi.o(.text)
    __I$use$semihosting                      0x080170e7   Thumb Code     0  use_no_semi.o(.text)
    __use_no_semihosting_swi                 0x080170e7   Thumb Code     2  use_no_semi.o(.text)
    __read_errno                             0x080170e9   Thumb Code    10  _rserrno.o(.text)
    __set_errno                              0x080170f3   Thumb Code    12  _rserrno.o(.text)
    _printf_int_common                       0x080170ff   Thumb Code   178  _printf_intcommon.o(.text)
    __lib_sel_fp_printf                      0x080171b1   Thumb Code     2  _printf_fp_dec.o(.text)
    _printf_fp_dec_real                      0x0801735f   Thumb Code   620  _printf_fp_dec.o(.text)
    _printf_char_common                      0x080175d7   Thumb Code    32  _printf_char_common.o(.text)
    _sputc                                   0x080175fd   Thumb Code    10  _sputc.o(.text)
    __strtod_int                             0x08017645   Thumb Code    90  strtod.o(.text)
    __rt_locale                              0x080176ad   Thumb Code     8  rt_locale_intlibspace.o(.text)
    __aeabi_errno_addr                       0x080176b5   Thumb Code     8  rt_errno_addr_intlibspace.o(.text)
    __errno$intlibspace                      0x080176b5   Thumb Code     0  rt_errno_addr_intlibspace.o(.text)
    __rt_errno_addr$intlibspace              0x080176b5   Thumb Code     0  rt_errno_addr_intlibspace.o(.text)
    _ll_udiv10                               0x080176bd   Thumb Code   138  lludiv10.o(.text)
    isspace                                  0x08017747   Thumb Code    18  isspace.o(.text)
    _printf_fp_infnan                        0x08017759   Thumb Code   112  _printf_fp_infnan.o(.text)
    _sgetc                                   0x080177d9   Thumb Code    30  _sgetc.o(.text)
    _sbackspace                              0x080177f7   Thumb Code    34  _sgetc.o(.text)
    _btod_etento                             0x08017819   Thumb Code   216  bigflt0.o(.text)
    __user_libspace                          0x080178f5   Thumb Code     8  libspace.o(.text)
    __user_perproc_libspace                  0x080178f5   Thumb Code     0  libspace.o(.text)
    __user_perthread_libspace                0x080178f5   Thumb Code     0  libspace.o(.text)
    __user_setup_stackheap                   0x080178fd   Thumb Code    74  sys_stackheap_outer.o(.text)
    __rt_ctype_table                         0x08017949   Thumb Code    16  rt_ctype_table.o(.text)
    _scanf_really_real                       0x08017b55   Thumb Code   668  scanf_fp.o(.text)
    exit                                     0x08017dfd   Thumb Code    18  exit.o(.text)
    _scanf_really_hex_real                   0x08017e11   Thumb Code   786  scanf_hexfp.o(.text)
    _scanf_really_infnan                     0x08018131   Thumb Code   292  scanf_infnan.o(.text)
    __aeabi_llsl                             0x08018265   Thumb Code     0  llshl.o(.text)
    _ll_shift_l                              0x08018265   Thumb Code    38  llshl.o(.text)
    _chval                                   0x0801828b   Thumb Code    28  _chval.o(.text)
    _btod_d2e                                0x080182a7   Thumb Code    62  btod.o(CL$$btod_d2e)
    _d2e_denorm_low                          0x080182e5   Thumb Code    70  btod.o(CL$$btod_d2e_denorm_low)
    _d2e_norm_op1                            0x0801832b   Thumb Code    96  btod.o(CL$$btod_d2e_norm_op1)
    __btod_div_common                        0x0801838b   Thumb Code   696  btod.o(CL$$btod_div_common)
    _e2d                                     0x080186c5   Thumb Code    80  btod.o(CL$$btod_e2d)
    _e2e                                     0x08018719   Thumb Code   198  btod.o(CL$$btod_e2e)
    _btod_ediv                               0x080187df   Thumb Code    40  btod.o(CL$$btod_ediv)
    _btod_edivd                              0x08018807   Thumb Code    40  btod.o(CL$$btod_edivd)
    _btod_emul                               0x0801882f   Thumb Code    40  btod.o(CL$$btod_emul)
    _btod_emuld                              0x08018857   Thumb Code    40  btod.o(CL$$btod_emuld)
    __btod_mult_common                       0x0801887f   Thumb Code   580  btod.o(CL$$btod_mult_common)
    OSStartHighRdy                           0x08018ac5   Thumb Code     0  os_cpu_a.o(CODE)
    OSCtxSw                                  0x08018ae7   Thumb Code     0  os_cpu_a.o(CODE)
    OSIntCtxSw                               0x08018af1   Thumb Code     0  os_cpu_a.o(CODE)
    PendSV_Handler                           0x08018afb   Thumb Code     0  os_cpu_a.o(CODE)
    __ARM_fpclassify                         0x08018b71   Thumb Code    48  fpclassify.o(i.__ARM_fpclassify)
    __hardfp_atof                            0x08018ba1   Thumb Code    44  atof.o(i.__hardfp_atof)
    __hardfp_ldexp                           0x08018bd9   Thumb Code   200  ldexp.o(i.__hardfp_ldexp)
    __mathlib_dbl_overflow                   0x08018ca9   Thumb Code    24  dunder.o(i.__mathlib_dbl_overflow)
    __mathlib_dbl_underflow                  0x08018cc9   Thumb Code    24  dunder.o(i.__mathlib_dbl_underflow)
    __mathlib_narrow                         0x08018ce9   Thumb Code   166  narrow.o(i.__mathlib_narrow)
    __support_ldexp                          0x08018da1   Thumb Code    20  ldexp.o(i.__support_ldexp)
    _is_digit                                0x08018db5   Thumb Code    14  __printf_wp.o(i._is_digit)
    frexp                                    0x08018dc9   Thumb Code   118  frexp.o(i.frexp)
    _get_lc_numeric                          0x08018e55   Thumb Code    44  lc_numeric_c.o(locale$$code)
    _get_lc_ctype                            0x08018e81   Thumb Code    44  lc_ctype_c.o(locale$$code)
    __aeabi_d2f                              0x08018ead   Thumb Code     0  d2f.o(x$fpl$d2f)
    _d2f                                     0x08018ead   Thumb Code    98  d2f.o(x$fpl$d2f)
    __aeabi_dadd                             0x08018f11   Thumb Code     0  daddsub_clz.o(x$fpl$dadd)
    _dadd                                    0x08018f11   Thumb Code   332  daddsub_clz.o(x$fpl$dadd)
    __fpl_dcheck_NaN1                        0x08019061   Thumb Code    10  dcheck1.o(x$fpl$dcheck1)
    __fpl_dcmp_Inf                           0x08019071   Thumb Code    24  dcmpi.o(x$fpl$dcmpinf)
    __aeabi_ddiv                             0x08019089   Thumb Code     0  ddiv.o(x$fpl$ddiv)
    _ddiv                                    0x08019089   Thumb Code   552  ddiv.o(x$fpl$ddiv)
    __aeabi_cdcmpeq                          0x08019339   Thumb Code     0  deqf.o(x$fpl$deqf)
    _dcmpeq                                  0x08019339   Thumb Code   120  deqf.o(x$fpl$deqf)
    __aeabi_d2iz                             0x080193b1   Thumb Code     0  dfix.o(x$fpl$dfix)
    _dfix                                    0x080193b1   Thumb Code    94  dfix.o(x$fpl$dfix)
    __aeabi_i2d                              0x0801940f   Thumb Code     0  dflt_clz.o(x$fpl$dflt)
    _dflt                                    0x0801940f   Thumb Code    46  dflt_clz.o(x$fpl$dflt)
    __aeabi_l2d                              0x0801943d   Thumb Code     0  dfltll_clz.o(x$fpl$dfltll)
    _ll_sto_d                                0x0801943d   Thumb Code   162  dfltll_clz.o(x$fpl$dfltll)
    __aeabi_cdcmple                          0x080194e1   Thumb Code     0  dleqf.o(x$fpl$dleqf)
    _dcmple                                  0x080194e1   Thumb Code   120  dleqf.o(x$fpl$dleqf)
    __fpl_dcmple_InfNaN                      0x08019543   Thumb Code     0  dleqf.o(x$fpl$dleqf)
    __aeabi_dmul                             0x08019559   Thumb Code     0  dmul.o(x$fpl$dmul)
    _dmul                                    0x08019559   Thumb Code   332  dmul.o(x$fpl$dmul)
    __fpl_dnaninf                            0x080196ad   Thumb Code   156  dnaninf.o(x$fpl$dnaninf)
    __fpl_dretinf                            0x08019749   Thumb Code    12  dretinf.o(x$fpl$dretinf)
    __aeabi_cdrcmple                         0x08019755   Thumb Code     0  drleqf.o(x$fpl$drleqf)
    _drcmple                                 0x08019755   Thumb Code   108  drleqf.o(x$fpl$drleqf)
    __aeabi_dsub                             0x080197c1   Thumb Code     0  daddsub_clz.o(x$fpl$dsub)
    _dsub                                    0x080197c1   Thumb Code   464  daddsub_clz.o(x$fpl$dsub)
    __aeabi_f2d                              0x08019995   Thumb Code     0  f2d.o(x$fpl$f2d)
    _f2d                                     0x08019995   Thumb Code    86  f2d.o(x$fpl$f2d)
    __fpl_fnaninf                            0x080199eb   Thumb Code   140  fnaninf.o(x$fpl$fnaninf)
    _fp_init                                 0x08019a77   Thumb Code    10  fpinit.o(x$fpl$fpinit)
    __fplib_config_fpu_vfp                   0x08019a7f   Thumb Code     0  fpinit.o(x$fpl$fpinit)
    __fplib_config_pureend_doubles           0x08019a7f   Thumb Code     0  fpinit.o(x$fpl$fpinit)
    __fpl_fretinf                            0x08019a81   Thumb Code    10  fretinf.o(x$fpl$fretinf)
    _printf_fp_dec                           0x08019a8b   Thumb Code     4  printf1.o(x$fpl$printf1)
    __fpl_return_NaN                         0x08019a8f   Thumb Code   100  retnan.o(x$fpl$retnan)
    __ARM_scalbn                             0x08019af3   Thumb Code    92  scalbn.o(x$fpl$scalbn)
    _scanf_real                              0x08019b4f   Thumb Code     4  scanf1.o(x$fpl$scanf1)
    _scanf_hex_real                          0x08019b53   Thumb Code     4  scanf2.o(x$fpl$scanf2)
    _scanf_infnan                            0x08019b57   Thumb Code     4  scanf2.o(x$fpl$scanf2)
    __fpl_cmpreturn                          0x08019b5b   Thumb Code    48  trapv.o(x$fpl$trapveneer)
    __I$use$fp                               0x08019b8a   Number         0  usenofp.o(x$fpl$usenofp)
    memtblsize                               0x08019b8c   Data          12  malloc.o(.constdata)
    memblksize                               0x08019b98   Data          12  malloc.o(.constdata)
    memsize                                  0x08019ba4   Data          12  malloc.o(.constdata)
    CPU_EndiannessTest                       0x08019cf0   Data           4  cpu_core.o(.constdata)
    OSCfg_IdleTaskStkBasePtr                 0x08019d88   Data           4  os_cfg_app.o(.constdata)
    OSCfg_IdleTaskStkLimit                   0x08019d8c   Data           4  os_cfg_app.o(.constdata)
    OSCfg_IdleTaskStkSize                    0x08019d90   Data           4  os_cfg_app.o(.constdata)
    OSCfg_IdleTaskStkSizeRAM                 0x08019d94   Data           4  os_cfg_app.o(.constdata)
    OSCfg_IntQBasePtr                        0x08019d98   Data           4  os_cfg_app.o(.constdata)
    OSCfg_IntQSize                           0x08019d9c   Data           2  os_cfg_app.o(.constdata)
    OSCfg_IntQSizeRAM                        0x08019da0   Data           4  os_cfg_app.o(.constdata)
    OSCfg_IntQTaskStkBasePtr                 0x08019da4   Data           4  os_cfg_app.o(.constdata)
    OSCfg_IntQTaskStkLimit                   0x08019da8   Data           4  os_cfg_app.o(.constdata)
    OSCfg_IntQTaskStkSize                    0x08019dac   Data           4  os_cfg_app.o(.constdata)
    OSCfg_IntQTaskStkSizeRAM                 0x08019db0   Data           4  os_cfg_app.o(.constdata)
    OSCfg_ISRStkBasePtr                      0x08019db4   Data           4  os_cfg_app.o(.constdata)
    OSCfg_ISRStkSize                         0x08019db8   Data           4  os_cfg_app.o(.constdata)
    OSCfg_ISRStkSizeRAM                      0x08019dbc   Data           4  os_cfg_app.o(.constdata)
    OSCfg_MsgPoolSize                        0x08019dc0   Data           2  os_cfg_app.o(.constdata)
    OSCfg_MsgPoolSizeRAM                     0x08019dc4   Data           4  os_cfg_app.o(.constdata)
    OSCfg_MsgPoolBasePtr                     0x08019dc8   Data           4  os_cfg_app.o(.constdata)
    OSCfg_StatTaskPrio                       0x08019dcc   Data           1  os_cfg_app.o(.constdata)
    OSCfg_StatTaskRate_Hz                    0x08019dd0   Data           4  os_cfg_app.o(.constdata)
    OSCfg_StatTaskStkBasePtr                 0x08019dd4   Data           4  os_cfg_app.o(.constdata)
    OSCfg_StatTaskStkLimit                   0x08019dd8   Data           4  os_cfg_app.o(.constdata)
    OSCfg_StatTaskStkSize                    0x08019ddc   Data           4  os_cfg_app.o(.constdata)
    OSCfg_StatTaskStkSizeRAM                 0x08019de0   Data           4  os_cfg_app.o(.constdata)
    OSCfg_StkSizeMin                         0x08019de4   Data           4  os_cfg_app.o(.constdata)
    OSCfg_TickRate_Hz                        0x08019de8   Data           4  os_cfg_app.o(.constdata)
    OSCfg_TickTaskPrio                       0x08019dec   Data           1  os_cfg_app.o(.constdata)
    OSCfg_TickTaskStkBasePtr                 0x08019df0   Data           4  os_cfg_app.o(.constdata)
    OSCfg_TickTaskStkLimit                   0x08019df4   Data           4  os_cfg_app.o(.constdata)
    OSCfg_TickTaskStkSize                    0x08019df8   Data           4  os_cfg_app.o(.constdata)
    OSCfg_TickTaskStkSizeRAM                 0x08019dfc   Data           4  os_cfg_app.o(.constdata)
    OSCfg_TickWheelSize                      0x08019e00   Data           2  os_cfg_app.o(.constdata)
    OSCfg_TickWheelSizeRAM                   0x08019e04   Data           4  os_cfg_app.o(.constdata)
    OSCfg_TmrTaskPrio                        0x08019e08   Data           1  os_cfg_app.o(.constdata)
    OSCfg_TmrTaskRate_Hz                     0x08019e0c   Data           4  os_cfg_app.o(.constdata)
    OSCfg_TmrTaskStkBasePtr                  0x08019e10   Data           4  os_cfg_app.o(.constdata)
    OSCfg_TmrTaskStkLimit                    0x08019e14   Data           4  os_cfg_app.o(.constdata)
    OSCfg_TmrTaskStkSize                     0x08019e18   Data           4  os_cfg_app.o(.constdata)
    OSCfg_TmrTaskStkSizeRAM                  0x08019e1c   Data           4  os_cfg_app.o(.constdata)
    OSCfg_TmrWheelSize                       0x08019e20   Data           2  os_cfg_app.o(.constdata)
    OSCfg_TmrWheelSizeRAM                    0x08019e24   Data           4  os_cfg_app.o(.constdata)
    OSCfg_DataSizeRAM                        0x08019e28   Data           4  os_cfg_app.o(.constdata)
    OSDbg_DbgEn                              0x08019e2c   Data           2  os_dbg.o(.constdata)
    OSDbg_ArgChkEn                           0x08019e2e   Data           1  os_dbg.o(.constdata)
    OSDbg_AppHooksEn                         0x08019e2f   Data           1  os_dbg.o(.constdata)
    OSDbg_EndiannessTest                     0x08019e30   Data           4  os_dbg.o(.constdata)
    OSDbg_CalledFromISRChkEn                 0x08019e34   Data           1  os_dbg.o(.constdata)
    OSDbg_FlagEn                             0x08019e35   Data           1  os_dbg.o(.constdata)
    OSDbg_FlagGrp                            0x08019e38   Data          40  os_dbg.o(.constdata)
    OSDbg_FlagDelEn                          0x08019e60   Data           1  os_dbg.o(.constdata)
    OSDbg_FlagModeClrEn                      0x08019e61   Data           1  os_dbg.o(.constdata)
    OSDbg_FlagPendAbortEn                    0x08019e62   Data           1  os_dbg.o(.constdata)
    OSDbg_FlagGrpSize                        0x08019e64   Data           2  os_dbg.o(.constdata)
    OSDbg_FlagWidth                          0x08019e66   Data           2  os_dbg.o(.constdata)
    OSDbg_IntQ                               0x08019e68   Data           2  os_dbg.o(.constdata)
    OSDbg_ISRPostDeferredEn                  0x08019e6a   Data           1  os_dbg.o(.constdata)
    OSDbg_Mem                                0x08019e6c   Data          32  os_dbg.o(.constdata)
    OSDbg_MemEn                              0x08019e8c   Data           1  os_dbg.o(.constdata)
    OSDbg_MemSize                            0x08019e8e   Data           2  os_dbg.o(.constdata)
    OSDbg_MsgEn                              0x08019e90   Data           1  os_dbg.o(.constdata)
    OSDbg_MsgSize                            0x08019e92   Data           2  os_dbg.o(.constdata)
    OSDbg_MsgPoolSize                        0x08019e94   Data           2  os_dbg.o(.constdata)
    OSDbg_MsgQSize                           0x08019e96   Data           2  os_dbg.o(.constdata)
    OSDbg_Mutex                              0x08019e98   Data          44  os_dbg.o(.constdata)
    OSDbg_MutexEn                            0x08019ec4   Data           1  os_dbg.o(.constdata)
    OSDbg_MutexDelEn                         0x08019ec5   Data           1  os_dbg.o(.constdata)
    OSDbg_MutexPendAbortEn                   0x08019ec6   Data           1  os_dbg.o(.constdata)
    OSDbg_MutexSize                          0x08019ec8   Data           2  os_dbg.o(.constdata)
    OSDbg_ObjTypeChkEn                       0x08019eca   Data           1  os_dbg.o(.constdata)
    OSDbg_PendMultiEn                        0x08019ecb   Data           1  os_dbg.o(.constdata)
    OSDbg_PendDataSize                       0x08019ecc   Data           2  os_dbg.o(.constdata)
    OSDbg_PendListSize                       0x08019ece   Data           2  os_dbg.o(.constdata)
    OSDbg_PendObjSize                        0x08019ed0   Data           2  os_dbg.o(.constdata)
    OSDbg_PrioMax                            0x08019ed2   Data           2  os_dbg.o(.constdata)
    OSDbg_PrioTblSize                        0x08019ed4   Data           2  os_dbg.o(.constdata)
    OSDbg_PtrSize                            0x08019ed6   Data           2  os_dbg.o(.constdata)
    OSDbg_Q                                  0x08019ed8   Data          48  os_dbg.o(.constdata)
    OSDbg_QEn                                0x08019f08   Data           1  os_dbg.o(.constdata)
    OSDbg_QDelEn                             0x08019f09   Data           1  os_dbg.o(.constdata)
    OSDbg_QFlushEn                           0x08019f0a   Data           1  os_dbg.o(.constdata)
    OSDbg_QPendAbortEn                       0x08019f0b   Data           1  os_dbg.o(.constdata)
    OSDbg_QSize                              0x08019f0c   Data           2  os_dbg.o(.constdata)
    OSDbg_SchedRoundRobinEn                  0x08019f0e   Data           1  os_dbg.o(.constdata)
    OSDbg_Sem                                0x08019f10   Data          40  os_dbg.o(.constdata)
    OSDbg_SemEn                              0x08019f38   Data           1  os_dbg.o(.constdata)
    OSDbg_SemDelEn                           0x08019f39   Data           1  os_dbg.o(.constdata)
    OSDbg_SemPendAbortEn                     0x08019f3a   Data           1  os_dbg.o(.constdata)
    OSDbg_SemSetEn                           0x08019f3b   Data           1  os_dbg.o(.constdata)
    OSDbg_SemSize                            0x08019f3c   Data           2  os_dbg.o(.constdata)
    OSDbg_RdyList                            0x08019f3e   Data           2  os_dbg.o(.constdata)
    OSDbg_RdyListSize                        0x08019f40   Data           4  os_dbg.o(.constdata)
    OSDbg_StkWidth                           0x08019f44   Data           1  os_dbg.o(.constdata)
    OSDbg_StatTaskEn                         0x08019f45   Data           1  os_dbg.o(.constdata)
    OSDbg_StatTaskStkChkEn                   0x08019f46   Data           1  os_dbg.o(.constdata)
    OSDbg_TaskChangePrioEn                   0x08019f47   Data           1  os_dbg.o(.constdata)
    OSDbg_TaskDelEn                          0x08019f48   Data           1  os_dbg.o(.constdata)
    OSDbg_TaskQEn                            0x08019f49   Data           1  os_dbg.o(.constdata)
    OSDbg_TaskQPendAbortEn                   0x08019f4a   Data           1  os_dbg.o(.constdata)
    OSDbg_TaskProfileEn                      0x08019f4b   Data           1  os_dbg.o(.constdata)
    OSDbg_TaskRegTblSize                     0x08019f4c   Data           2  os_dbg.o(.constdata)
    OSDbg_TaskSemPendAbortEn                 0x08019f4e   Data           1  os_dbg.o(.constdata)
    OSDbg_TaskSuspendEn                      0x08019f4f   Data           1  os_dbg.o(.constdata)
    OSDbg_TCBSize                            0x08019f50   Data           2  os_dbg.o(.constdata)
    OSDbg_TickSpokeSize                      0x08019f52   Data           2  os_dbg.o(.constdata)
    OSDbg_TimeDlyHMSMEn                      0x08019f54   Data           1  os_dbg.o(.constdata)
    OSDbg_TimeDlyResumeEn                    0x08019f55   Data           1  os_dbg.o(.constdata)
    OSDbg_TLS_TblSize                        0x08019f56   Data           2  os_dbg.o(.constdata)
    OSDbg_Tmr                                0x08019f58   Data          52  os_dbg.o(.constdata)
    OSDbg_TmrEn                              0x08019f8c   Data           1  os_dbg.o(.constdata)
    OSDbg_TmrDelEn                           0x08019f8d   Data           1  os_dbg.o(.constdata)
    OSDbg_TmrSize                            0x08019f8e   Data           2  os_dbg.o(.constdata)
    OSDbg_TmrSpokeSize                       0x08019f90   Data           2  os_dbg.o(.constdata)
    OSDbg_VersionNbr                         0x08019f92   Data           2  os_dbg.o(.constdata)
    OSDbg_DataSize                           0x08019f94   Data           4  os_dbg.o(.constdata)
    Region$$Table$$Base                      0x08044d60   Number         0  anon$$obj.o(Region$$Table)
    Region$$Table$$Limit                     0x08044d80   Number         0  anon$$obj.o(Region$$Table)
    __aeabi_HUGE_VAL                         0x08044d80   Data           0  fpconst.o(c$$dinf)
    __aeabi_HUGE_VALL                        0x08044d80   Data           0  fpconst.o(c$$dinf)
    __aeabi_INFINITY                         0x08044d80   Data           0  fpconst.o(c$$dinf)
    __dInf                                   0x08044d80   Data           0  fpconst.o(c$$dinf)
    __huge_val                               0x08044d80   Data           0  fpconst.o(c$$dinf)
    __ctype                                  0x08044db1   Data           0  lc_ctype_c.o(locale$$data)
    mem3base                                 0x10000000   Data       61440  malloc.o(.ARM.__AT_0x10000000)
    mem3mapbase                              0x1000f000   Data        3840  malloc.o(.ARM.__AT_0x1000F000)
    robosharkstate                           0x20000000   Data         112  main.o(.data)
    robotarget                               0x20000070   Data           8  main.o(.data)
    SystemCoreClock                          0x20000078   Data           4  system_stm32f4xx.o(.data)
    AHBPrescTable                            0x2000007c   Data          16  system_stm32f4xx.o(.data)
    USART2_RX_STA                            0x200000a0   Data           2  usart2.o(.data)
    __stdout                                 0x200000a4   Data           4  usart3.o(.data)
    USART3_RX_STA                            0x200000a8   Data           2  usart3.o(.data)
    cordist                                  0x200000aa   Data           2  usart6.o(.data)
    USART6_RX_STA                            0x200000ac   Data           2  usart6.o(.data)
    USART1_RX_STA                            0x200000ae   Data           2  usart1.o(.data)
    TransferError                            0x200000ba   Data           1  sdio_sdcard.o(.data)
    TransferEnd                              0x200000bb   Data           1  sdio_sdcard.o(.data)
    tempbuff                                 0x200000bc   Data           4  sdio_sdcard.o(.data)
    dT                                       0x200000c0   Data           4  ms5837.o(.data)
    MS5837_TEMP                              0x200000c4   Data           4  ms5837.o(.data)
    global_depth                             0x200000c8   Data           4  ms5837.o(.data)
    tf_command_sys_reset                     0x200000cc   Data           4  tfmini.o(.data)
    tf_command_get_dist                      0x200000d0   Data           5  tfmini.o(.data)
    tf_command_uart2iic                      0x200000d5   Data           5  tfmini.o(.data)
    tf_command_IIC4uart                      0x200000da   Data           5  tfmini.o(.data)
    tf_command_save_cfg                      0x200000df   Data           4  tfmini.o(.data)
    mallco_dev                               0x20000150   Data          36  malloc.o(.data)
    curEvt                                   0x200001e9   Data           1  auto_navigation_app.o(.data)
    dis_state                                0x200001ec   Data          36  auto_navigation_app.o(.data)
    dis_action                               0x20000210   Data          36  auto_navigation_app.o(.data)
    obs_down                                 0x20000234   Data           1  auto_navigation_app.o(.data)
    obs_ahead                                0x20000235   Data           1  auto_navigation_app.o(.data)
    obs_left                                 0x20000236   Data           1  auto_navigation_app.o(.data)
    obs_right                                0x20000237   Data           1  auto_navigation_app.o(.data)
    stateTrans                               0x20000238   Data        1168  auto_navigation_app.o(.data)
    CPU_TS_TmrFreq_Hz                        0x200006c8   Data           4  cpu_core.o(.data)
    Mem_PoolTbl                              0x200006cc   Data           4  lib_mem.o(.data)
    OSPrioTbl                                0x200006d0   Data           8  os_prio.o(.data)
    OS_AppTaskCreateHookPtr                  0x200006d8   Data           4  os_var.o(.data)
    OS_AppTaskDelHookPtr                     0x200006dc   Data           4  os_var.o(.data)
    OS_AppTaskReturnHookPtr                  0x200006e0   Data           4  os_var.o(.data)
    OS_AppIdleTaskHookPtr                    0x200006e4   Data           4  os_var.o(.data)
    OS_AppStatTaskHookPtr                    0x200006e8   Data           4  os_var.o(.data)
    OS_AppTaskSwHookPtr                      0x200006ec   Data           4  os_var.o(.data)
    OS_AppTimeTickHookPtr                    0x200006f0   Data           4  os_var.o(.data)
    OSIdleTaskCtr                            0x200006f4   Data           4  os_var.o(.data)
    OSIntNestingCtr                          0x200006f8   Data           1  os_var.o(.data)
    OSRunning                                0x200006f9   Data           1  os_var.o(.data)
    OSIntQInPtr                              0x200006fc   Data           4  os_var.o(.data)
    OSIntQOutPtr                             0x20000700   Data           4  os_var.o(.data)
    OSIntQNbrEntries                         0x20000704   Data           2  os_var.o(.data)
    OSIntQNbrEntriesMax                      0x20000706   Data           2  os_var.o(.data)
    OSIntQOvfCtr                             0x20000708   Data           2  os_var.o(.data)
    OSIntQTaskTimeMax                        0x2000070c   Data           4  os_var.o(.data)
    OSFlagDbgListPtr                         0x20000710   Data           4  os_var.o(.data)
    OSFlagQty                                0x20000714   Data           2  os_var.o(.data)
    OSMemDbgListPtr                          0x20000718   Data           4  os_var.o(.data)
    OSMemQty                                 0x2000071c   Data           2  os_var.o(.data)
    OSMutexDbgListPtr                        0x20000720   Data           4  os_var.o(.data)
    OSMutexQty                               0x20000724   Data           2  os_var.o(.data)
    OSPrioCur                                0x20000726   Data           1  os_var.o(.data)
    OSPrioHighRdy                            0x20000727   Data           1  os_var.o(.data)
    OSPrioSaved                              0x20000728   Data           1  os_var.o(.data)
    OSQDbgListPtr                            0x2000072c   Data           4  os_var.o(.data)
    OSQQty                                   0x20000730   Data           2  os_var.o(.data)
    OSSchedLockTimeBegin                     0x20000734   Data           4  os_var.o(.data)
    OSSchedLockTimeMax                       0x20000738   Data           4  os_var.o(.data)
    OSSchedLockTimeMaxCur                    0x2000073c   Data           4  os_var.o(.data)
    OSSchedLockNestingCtr                    0x20000740   Data           1  os_var.o(.data)
    OSSchedRoundRobinDfltTimeQuanta          0x20000744   Data           4  os_var.o(.data)
    OSSchedRoundRobinEn                      0x20000748   Data           1  os_var.o(.data)
    OSSemDbgListPtr                          0x2000074c   Data           4  os_var.o(.data)
    OSSemQty                                 0x20000750   Data           2  os_var.o(.data)
    OSStatResetFlag                          0x20000752   Data           1  os_var.o(.data)
    OSStatTaskCPUUsage                       0x20000754   Data           2  os_var.o(.data)
    OSStatTaskCPUUsageMax                    0x20000756   Data           2  os_var.o(.data)
    OSStatTaskCtr                            0x20000758   Data           4  os_var.o(.data)
    OSStatTaskCtrMax                         0x2000075c   Data           4  os_var.o(.data)
    OSStatTaskCtrRun                         0x20000760   Data           4  os_var.o(.data)
    OSStatTaskRdy                            0x20000764   Data           1  os_var.o(.data)
    OSStatTaskTimeMax                        0x20000768   Data           4  os_var.o(.data)
    OSTaskCtxSwCtr                           0x2000076c   Data           4  os_var.o(.data)
    OSTaskDbgListPtr                         0x20000770   Data           4  os_var.o(.data)
    OSTaskQty                                0x20000774   Data           2  os_var.o(.data)
    OSTaskRegNextAvailID                     0x20000776   Data           1  os_var.o(.data)
    OSTickCtr                                0x20000778   Data           4  os_var.o(.data)
    OSTickTaskTimeMax                        0x2000077c   Data           4  os_var.o(.data)
    OSTmrDbgListPtr                          0x20000780   Data           4  os_var.o(.data)
    OSTmrQty                                 0x20000784   Data           2  os_var.o(.data)
    OSTmrTaskTimeMax                         0x20000788   Data           4  os_var.o(.data)
    OSTmrTickCtr                             0x2000078c   Data           4  os_var.o(.data)
    OSTmrUpdateCnt                           0x20000790   Data           4  os_var.o(.data)
    OSTmrUpdateCtr                           0x20000794   Data           4  os_var.o(.data)
    OSTCBCurPtr                              0x20000798   Data           4  os_var.o(.data)
    OSTCBHighRdyPtr                          0x2000079c   Data           4  os_var.o(.data)
    OS_CPU_ExceptStkBase                     0x200007a0   Data           4  os_cpu_c.o(.data)
    fs                                       0x200007ac   Data           4  exfuns.o(.data)
    file                                     0x200007b0   Data           4  exfuns.o(.data)
    ftemp                                    0x200007b4   Data           4  exfuns.o(.data)
    br                                       0x200007b8   Data           4  exfuns.o(.data)
    bw                                       0x200007bc   Data           4  exfuns.o(.data)
    fatbuf                                   0x200007c0   Data           4  exfuns.o(.data)
    StartTaskTCB                             0x200007c8   Data         196  main.o(.bss)
    START_TASK_STK                           0x20000890   Data        2048  main.o(.bss)
    TestTaskTCB                              0x20001090   Data         196  main.o(.bss)
    TEST_TASK_STK                            0x20001158   Data         512  main.o(.bss)
    USART2_RX_BUF                            0x20001358   Data         200  usart2.o(.bss)
    USART3_RX_BUF                            0x20001420   Data         200  usart3.o(.bss)
    USART6_RX_BUF                            0x200014e8   Data         200  usart6.o(.bss)
    USART1_RX_BUF                            0x200015b0   Data         200  usart1.o(.bss)
    SDIO_InitStructure                       0x20001678   Data          24  sdio_sdcard.o(.bss)
    SDIO_CmdInitStructure                    0x20001690   Data          20  sdio_sdcard.o(.bss)
    SDIO_DataInitStructure                   0x200016a4   Data          24  sdio_sdcard.o(.bss)
    SDCardInfo                               0x200016e0   Data          88  sdio_sdcard.o(.bss)
    SDIO_DATA_BUFFER                         0x20001738   Data         512  sdio_sdcard.o(.bss)
    Cal_C                                    0x20001938   Data          14  ms5837.o(.bss)
    BUFFPRINTF_TASK_STK                      0x20003388   Data        2048  buffprintf.o(.bss)
    mem1base                                 0x20003da0   Data       65536  malloc.o(.bss)
    mem1mapbase                              0x20013da0   Data        4096  malloc.o(.bss)
    SWIM_CONTROL_APP_TASK_STK                0x20014e98   Data        1024  swim_control_app.o(.bss)
    CommandAnalysisTCB                       0x20015298   Data         196  command_analysis_app.o(.bss)
    COMMAND_ANALYSIS_TASK_STK                0x20015360   Data        1024  command_analysis_app.o(.bss)
    SENSORS_UPDATE_APP_TASK_STK              0x20015858   Data        1024  sensors_update_app.o(.bss)
    DATA_STORAGE_APP_TASK_STK                0x20015d50   Data        1024  data_storage_app.o(.bss)
    DATA_SENDBACK_APP_TASK_STK               0x20016218   Data        2048  data_sendback_app.o(.bss)
    DATA_SHOW_APP_TASK_STK                   0x20016b10   Data        1024  data_show_app.o(.bss)
    PantiltControlTaskTCB                    0x20016f10   Data         196  pantilt_control.o(.bss)
    PANTILT_CONTROL_TASK_STK                 0x20016fd8   Data        1024  pantilt_control.o(.bss)
    PantiltControlTaskTmr                    0x200173d8   Data          52  pantilt_control.o(.bss)
    DEPTH_CONTROL_APP_TASK_STK               0x20017508   Data        1024  depth_control_app.o(.bss)
    DISTCOM_TASK_STK                         0x200186c8   Data        2048  distributed_communicate_app.o(.bss)
    CommandAnalysisFriendTCB                 0x20018ec8   Data         196  command_analysis_friend_app.o(.bss)
    COMMAND_ANALYSIS_FRIEND_TASK_STK         0x20018f90   Data        1024  command_analysis_friend_app.o(.bss)
    AUTO_NAVIGATION_APP_TASK_STK             0x20019488   Data        1024  auto_navigation_app.o(.bss)
    CPU_Name                                 0x20019888   Data          16  cpu_core.o(.bss)
    Mem_PoolHeap                             0x20019898   Data          72  lib_mem.o(.bss)
    Mem_Heap                                 0x200198e0   Data        1024  lib_mem.o(.bss)
    OSCfg_IdleTaskStk                        0x20019ce0   Data         512  os_cfg_app.o(.bss)
    OSCfg_IntQ                               0x20019ee0   Data         320  os_cfg_app.o(.bss)
    OSCfg_IntQTaskStk                        0x2001a020   Data         512  os_cfg_app.o(.bss)
    OSCfg_ISRStk                             0x2001a220   Data         512  os_cfg_app.o(.bss)
    OSCfg_MsgPool                            0x2001a420   Data        1600  os_cfg_app.o(.bss)
    OSCfg_StatTaskStk                        0x2001aa60   Data         512  os_cfg_app.o(.bss)
    OSCfg_TickTaskStk                        0x2001ac60   Data         512  os_cfg_app.o(.bss)
    OSCfg_TickWheel                          0x2001ae60   Data         136  os_cfg_app.o(.bss)
    OSCfg_TmrTaskStk                         0x2001aee8   Data         512  os_cfg_app.o(.bss)
    OSCfg_TmrWheel                           0x2001b0e8   Data         136  os_cfg_app.o(.bss)
    OSIdleTaskTCB                            0x2001b170   Data         196  os_var.o(.bss)
    OSIntQTaskTCB                            0x2001b234   Data         196  os_var.o(.bss)
    OSMsgPool                                0x2001b2f8   Data          12  os_var.o(.bss)
    OSRdyList                                0x2001b304   Data         768  os_var.o(.bss)
    OSStatTaskTCB                            0x2001b604   Data         196  os_var.o(.bss)
    OSTickTaskTCB                            0x2001b6c8   Data         196  os_var.o(.bss)
    OSTmrTaskTCB                             0x2001b78c   Data         196  os_var.o(.bss)
    fileinfo                                 0x2001b850   Data          32  exfuns.o(.bss)
    dir                                      0x2001b870   Data          36  exfuns.o(.bss)
    _random_number_data                      0x2001b894   Data         228  rand.o(.bss)
    __libspace_start                         0x2001b978   Data          96  libspace.o(.bss)
    __temporary_stack_top$libspace           0x2001b9d8   Data           0  libspace.o(.bss)
    mem2base                                 0x68000000   Data       983040  malloc.o(.ARM.__AT_0x68000000)
    mem2mapbase                              0x680f0000   Data       61440  malloc.o(.ARM.__AT_0x680F0000)



==============================================================================

Memory Map of the image

  Image Entry point : 0x08000189

  Load Region LR_IROM1 (Base: 0x08000000, Size: 0x00045678, Max: 0x00100000, ABSOLUTE, COMPRESSED[0x0004510c])

    Execution Region ER_IROM1 (Base: 0x08000000, Size: 0x00044eb4, Max: 0x00100000, ABSOLUTE)

    Base Addr    Size         Type   Attr      Idx    E Section Name        Object

    0x08000000   0x00000188   Data   RO          457    RESET               startup_stm32f40_41xxx.o
    0x08000188   0x00000008   Code   RO         2917  * !!!main             c_w.l(__main.o)
    0x08000190   0x00000034   Code   RO         3361    !!!scatter          c_w.l(__scatter.o)
    0x080001c4   0x00000064   Code   RO         3359    !!dclz77c           c_w.l(__dclz77c.o)
    0x08000228   0x0000001c   Code   RO         3363    !!handler_zi        c_w.l(__scatter_zi.o)
    0x08000244   0x00000000   Code   RO         2895    .ARM.Collect$$_printf_percent$$00000000  c_w.l(_printf_percent.o)
    0x08000244   0x00000006   Code   RO         2894    .ARM.Collect$$_printf_percent$$00000003  c_w.l(_printf_f.o)
    0x0800024a   0x00000006   Code   RO         2893    .ARM.Collect$$_printf_percent$$00000009  c_w.l(_printf_d.o)
    0x08000250   0x00000004   Code   RO         3036    .ARM.Collect$$_printf_percent$$00000017  c_w.l(_printf_percent_end.o)
    0x08000254   0x00000002   Code   RO         3231    .ARM.Collect$$libinit$$00000000  c_w.l(libinit.o)
    0x08000256   0x00000004   Code   RO         3041    .ARM.Collect$$libinit$$00000001  c_w.l(libinit2.o)
    0x0800025a   0x00000000   Code   RO         3044    .ARM.Collect$$libinit$$00000004  c_w.l(libinit2.o)
    0x0800025a   0x00000000   Code   RO         3047    .ARM.Collect$$libinit$$0000000A  c_w.l(libinit2.o)
    0x0800025a   0x00000000   Code   RO         3049    .ARM.Collect$$libinit$$0000000C  c_w.l(libinit2.o)
    0x0800025a   0x00000004   Code   RO         3050    .ARM.Collect$$libinit$$0000000D  c_w.l(libinit2.o)
    0x0800025e   0x00000000   Code   RO         3051    .ARM.Collect$$libinit$$0000000E  c_w.l(libinit2.o)
    0x0800025e   0x00000006   Code   RO         3052    .ARM.Collect$$libinit$$0000000F  c_w.l(libinit2.o)
    0x08000264   0x00000000   Code   RO         3054    .ARM.Collect$$libinit$$00000011  c_w.l(libinit2.o)
    0x08000264   0x0000000c   Code   RO         3055    .ARM.Collect$$libinit$$00000012  c_w.l(libinit2.o)
    0x08000270   0x00000000   Code   RO         3056    .ARM.Collect$$libinit$$00000013  c_w.l(libinit2.o)
    0x08000270   0x00000000   Code   RO         3058    .ARM.Collect$$libinit$$00000015  c_w.l(libinit2.o)
    0x08000270   0x0000000a   Code   RO         3059    .ARM.Collect$$libinit$$00000016  c_w.l(libinit2.o)
    0x0800027a   0x00000000   Code   RO         3060    .ARM.Collect$$libinit$$00000017  c_w.l(libinit2.o)
    0x0800027a   0x00000000   Code   RO         3062    .ARM.Collect$$libinit$$00000019  c_w.l(libinit2.o)
    0x0800027a   0x00000000   Code   RO         3064    .ARM.Collect$$libinit$$0000001B  c_w.l(libinit2.o)
    0x0800027a   0x00000000   Code   RO         3066    .ARM.Collect$$libinit$$0000001D  c_w.l(libinit2.o)
    0x0800027a   0x00000000   Code   RO         3068    .ARM.Collect$$libinit$$0000001F  c_w.l(libinit2.o)
    0x0800027a   0x00000000   Code   RO         3070    .ARM.Collect$$libinit$$00000021  c_w.l(libinit2.o)
    0x0800027a   0x00000000   Code   RO         3072    .ARM.Collect$$libinit$$00000023  c_w.l(libinit2.o)
    0x0800027a   0x00000000   Code   RO         3074    .ARM.Collect$$libinit$$00000025  c_w.l(libinit2.o)
    0x0800027a   0x00000000   Code   RO         3078    .ARM.Collect$$libinit$$0000002C  c_w.l(libinit2.o)
    0x0800027a   0x00000000   Code   RO         3080    .ARM.Collect$$libinit$$0000002E  c_w.l(libinit2.o)
    0x0800027a   0x00000000   Code   RO         3082    .ARM.Collect$$libinit$$00000030  c_w.l(libinit2.o)
    0x0800027a   0x00000000   Code   RO         3084    .ARM.Collect$$libinit$$00000032  c_w.l(libinit2.o)
    0x0800027a   0x00000002   Code   RO         3085    .ARM.Collect$$libinit$$00000033  c_w.l(libinit2.o)
    0x0800027c   0x00000002   Code   RO         3302    .ARM.Collect$$libshutdown$$00000000  c_w.l(libshutdown.o)
    0x0800027e   0x00000000   Code   RO         3334    .ARM.Collect$$libshutdown$$00000002  c_w.l(libshutdown2.o)
    0x0800027e   0x00000000   Code   RO         3336    .ARM.Collect$$libshutdown$$00000004  c_w.l(libshutdown2.o)
    0x0800027e   0x00000000   Code   RO         3339    .ARM.Collect$$libshutdown$$00000007  c_w.l(libshutdown2.o)
    0x0800027e   0x00000000   Code   RO         3342    .ARM.Collect$$libshutdown$$0000000A  c_w.l(libshutdown2.o)
    0x0800027e   0x00000000   Code   RO         3344    .ARM.Collect$$libshutdown$$0000000C  c_w.l(libshutdown2.o)
    0x0800027e   0x00000000   Code   RO         3347    .ARM.Collect$$libshutdown$$0000000F  c_w.l(libshutdown2.o)
    0x0800027e   0x00000002   Code   RO         3348    .ARM.Collect$$libshutdown$$00000010  c_w.l(libshutdown2.o)
    0x08000280   0x00000000   Code   RO         3021    .ARM.Collect$$rtentry$$00000000  c_w.l(__rtentry.o)
    0x08000280   0x00000000   Code   RO         3135    .ARM.Collect$$rtentry$$00000002  c_w.l(__rtentry2.o)
    0x08000280   0x00000006   Code   RO         3147    .ARM.Collect$$rtentry$$00000004  c_w.l(__rtentry4.o)
    0x08000286   0x00000000   Code   RO         3137    .ARM.Collect$$rtentry$$00000009  c_w.l(__rtentry2.o)
    0x08000286   0x00000004   Code   RO         3138    .ARM.Collect$$rtentry$$0000000A  c_w.l(__rtentry2.o)
    0x0800028a   0x00000000   Code   RO         3140    .ARM.Collect$$rtentry$$0000000C  c_w.l(__rtentry2.o)
    0x0800028a   0x00000008   Code   RO         3141    .ARM.Collect$$rtentry$$0000000D  c_w.l(__rtentry2.o)
    0x08000292   0x00000002   Code   RO         3234    .ARM.Collect$$rtexit$$00000000  c_w.l(rtexit.o)
    0x08000294   0x00000000   Code   RO         3270    .ARM.Collect$$rtexit$$00000002  c_w.l(rtexit2.o)
    0x08000294   0x00000004   Code   RO         3271    .ARM.Collect$$rtexit$$00000003  c_w.l(rtexit2.o)
    0x08000298   0x00000006   Code   RO         3272    .ARM.Collect$$rtexit$$00000004  c_w.l(rtexit2.o)
    0x0800029e   0x00000002   PAD
    0x080002a0   0x00000010   Code   RO         1216    .emb_text           sys.o
    0x080002b0   0x00000034   Code   RO         2896    .emb_text           c_w.l(rand.o)
    0x080002e4   0x0000029c   Code   RO            3    .text               main.o
    0x08000580   0x00000016   Code   RO          385    .text               stm32f4xx_it.o
    0x08000596   0x00000002   PAD
    0x08000598   0x00000210   Code   RO          431    .text               system_stm32f4xx.o
    0x080007a8   0x00000040   Code   RO          458    .text               startup_stm32f40_41xxx.o
    0x080007e8   0x000000e0   Code   RO          464    .text               misc.o
    0x080008c8   0x000003a8   Code   RO          710    .text               stm32f4xx_dma.o
    0x08000c70   0x00000294   Code   RO          816    .text               stm32f4xx_gpio.o
    0x08000f04   0x0000065c   Code   RO          979    .text               stm32f4xx_rcc.o
    0x08001560   0x000001dc   Code   RO         1064    .text               stm32f4xx_sdio.o
    0x0800173c   0x00000ca2   Code   RO         1124    .text               stm32f4xx_tim.o
    0x080023de   0x00000002   PAD
    0x080023e0   0x00000454   Code   RO         1144    .text               stm32f4xx_usart.o
    0x08002834   0x00000148   Code   RO         1184    .text               delay.o
    0x0800297c   0x00000054   Code   RO         1234    .text               led.o
    0x080029d0   0x0000016c   Code   RO         1254    .text               usart2.o
    0x08002b3c   0x0000015c   Code   RO         1285    .text               usart3.o
    0x08002c98   0x00000170   Code   RO         1316    .text               usart6.o
    0x08002e08   0x0000016c   Code   RO         1343    .text               usart1.o
    0x08002f74   0x00000258   Code   RO         1371    .text               myiic1.o
    0x080031cc   0x00000268   Code   RO         1394    .text               myiic2.o
    0x08003434   0x0000025c   Code   RO         1414    .text               myiic3.o
    0x08003690   0x00000258   Code   RO         1437    .text               myiic4.o
    0x080038e8   0x0000018c   Code   RO         1460    .text               servo_pwm.o
    0x08003a74   0x00000126   Code   RO         1480    .text               ads1115.o
    0x08003b9a   0x00000002   PAD
    0x08003b9c   0x00001d60   Code   RO         1591    .text               sdio_sdcard.o
    0x080058fc   0x00000410   Code   RO         1618    .text               ms5837.o
    0x08005d0c   0x000000bc   Code   RO         1642    .text               jy901.o
    0x08005dc8   0x00000150   Code   RO         1662    .text               tfmini.o
    0x08005f18   0x0000006c   Code   RO         1685    .text               e18.o
    0x08005f84   0x000004e0   Code   RO         1705    .text               buffprintf.o
    0x08006464   0x000001a4   Code   RO         1736    .text               myprintf.o
    0x08006608   0x000000a4   Code   RO         1814    .text               tail_servo_control.o
    0x080066ac   0x00000060   Code   RO         1837    .text               pectoral_servo_control.o
    0x0800670c   0x00000358   Code   RO         1859    .text               rflink.o
    0x08006a64   0x00000228   Code   RO         1882    .text               malloc.o
    0x08006c8c   0x00000060   Code   RO         1914    .text               uart6_printf.o
    0x08006cec   0x0000076c   Code   RO         1934    .text               swim_control_app.o
    0x08007458   0x00000734   Code   RO         1959    .text               command_analysis_app.o
    0x08007b8c   0x000004a8   Code   RO         2007    .text               sensors_update_app.o
    0x08008034   0x0000032c   Code   RO         2031    .text               data_storage_app.o
    0x08008360   0x0000026c   Code   RO         2056    .text               data_sendback_app.o
    0x080085cc   0x000003d8   Code   RO         2081    .text               data_show_app.o
    0x080089a4   0x00000440   Code   RO         2106    .text               pantilt_control.o
    0x08008de4   0x000002b4   Code   RO         2155    .text               depth_control_app.o
    0x08009098   0x00000410   Code   RO         2179    .text               distributed_communicate_app.o
    0x080094a8   0x00000690   Code   RO         2251    .text               auto_navigation_app.o
    0x08009b38   0x00000084   Code   RO         2281    .text               bsp.o
    0x08009bbc   0x000002a8   Code   RO         2302    .text               cpu_core.o
    0x08009e64   0x00000034   Code   RO         2328    .text               cpu_a.o
    0x08009e98   0x00000256   Code   RO         2343    .text               lib_ascii.o
    0x0800a0ee   0x00000002   PAD
    0x0800a0f0   0x000009c6   Code   RO         2376    .text               lib_mem.o
    0x0800aab6   0x00000002   PAD
    0x0800aab8   0x0000092c   Code   RO         2395    .text               lib_str.o
    0x0800b3e4   0x00000220   Code   RO         2412    .text               lib_mem_a.o
    0x0800b604   0x000000fc   Code   RO         2415    .text               os_cfg_app.o
    0x0800b700   0x00000df0   Code   RO         2435    .text               os_core.o
    0x0800c4f0   0x000001b0   Code   RO         2447    .text               os_dbg.o
    0x0800c6a0   0x00000e28   Code   RO         2462    .text               os_flag.o
    0x0800d4c8   0x00000444   Code   RO         2474    .text               os_int.o
    0x0800d90c   0x00000238   Code   RO         2486    .text               os_mem.o
    0x0800db44   0x0000022c   Code   RO         2498    .text               os_msg.o
    0x0800dd70   0x00000ad4   Code   RO         2510    .text               os_mutex.o
    0x0800e844   0x0000007c   Code   RO         2528    .text               os_prio.o
    0x0800e8c0   0x000008d8   Code   RO         2547    .text               os_q.o
    0x0800f198   0x00000830   Code   RO         2559    .text               os_sem.o
    0x0800f9c8   0x00000638   Code   RO         2571    .text               os_stat.o
    0x08010000   0x00001bb4   Code   RO         2583    .text               os_task.o
    0x08011bb4   0x000004fc   Code   RO         2595    .text               os_tick.o
    0x080120b0   0x00000564   Code   RO         2607    .text               os_time.o
    0x08012614   0x00000818   Code   RO         2619    .text               os_tmr.o
    0x08012e2c   0x000003f8   Code   RO         2650    .text               os_cpu_c.o
    0x08013224   0x00000158   Code   RO         2735    .text               diskio.o
    0x0801337c   0x0000329a   Code   RO         2759    .text               ff.o
    0x08016616   0x00000002   PAD
    0x08016618   0x000000b4   Code   RO         2777    .text               cc936.o
    0x080166cc   0x00000594   Code   RO         2835    .text               fattester.o
    0x08016c60   0x00000002   Code   RO         2859    .text               c_w.l(use_no_semi_2.o)
    0x08016c62   0x000000ee   Code   RO         2861    .text               c_w.l(lludivv7m.o)
    0x08016d50   0x00000048   Code   RO         2863    .text               c_w.l(llsdiv.o)
    0x08016d98   0x00000028   Code   RO         2867    .text               c_w.l(noretval__2sprintf.o)
    0x08016dc0   0x00000068   Code   RO         2869    .text               c_w.l(__printf.o)
    0x08016e28   0x00000078   Code   RO         2871    .text               c_w.l(_printf_dec.o)
    0x08016ea0   0x0000003c   Code   RO         2897    .text               c_w.l(rand.o)
    0x08016edc   0x00000048   Code   RO         2903    .text               c_w.l(strcpy.o)
    0x08016f24   0x0000008a   Code   RO         2905    .text               c_w.l(rt_memcpy_v6.o)
    0x08016fae   0x00000064   Code   RO         2907    .text               c_w.l(rt_memcpy_w.o)
    0x08017012   0x0000004e   Code   RO         2911    .text               c_w.l(rt_memclr_w.o)
    0x08017060   0x00000080   Code   RO         2913    .text               c_w.l(strcmpv7m.o)
    0x080170e0   0x00000006   Code   RO         2915    .text               c_w.l(heapauxi.o)
    0x080170e6   0x00000002   Code   RO         3019    .text               c_w.l(use_no_semi.o)
    0x080170e8   0x00000016   Code   RO         3026    .text               c_w.l(_rserrno.o)
    0x080170fe   0x000000b2   Code   RO         3028    .text               c_w.l(_printf_intcommon.o)
    0x080171b0   0x0000041a   Code   RO         3030    .text               c_w.l(_printf_fp_dec.o)
    0x080175ca   0x00000002   PAD
    0x080175cc   0x00000030   Code   RO         3032    .text               c_w.l(_printf_char_common.o)
    0x080175fc   0x0000000a   Code   RO         3034    .text               c_w.l(_sputc.o)
    0x08017606   0x00000002   PAD
    0x08017608   0x000000a4   Code   RO         3037    .text               c_w.l(strtod.o)
    0x080176ac   0x00000008   Code   RO         3154    .text               c_w.l(rt_locale_intlibspace.o)
    0x080176b4   0x00000008   Code   RO         3159    .text               c_w.l(rt_errno_addr_intlibspace.o)
    0x080176bc   0x0000008a   Code   RO         3161    .text               c_w.l(lludiv10.o)
    0x08017746   0x00000012   Code   RO         3163    .text               c_w.l(isspace.o)
    0x08017758   0x00000080   Code   RO         3165    .text               c_w.l(_printf_fp_infnan.o)
    0x080177d8   0x00000040   Code   RO         3169    .text               c_w.l(_sgetc.o)
    0x08017818   0x000000dc   Code   RO         3171    .text               c_w.l(bigflt0.o)
    0x080178f4   0x00000008   Code   RO         3207    .text               c_w.l(libspace.o)
    0x080178fc   0x0000004a   Code   RO         3210    .text               c_w.l(sys_stackheap_outer.o)
    0x08017946   0x00000002   PAD
    0x08017948   0x00000010   Code   RO         3212    .text               c_w.l(rt_ctype_table.o)
    0x08017958   0x000004a4   Code   RO         3214    .text               c_w.l(scanf_fp.o)
    0x08017dfc   0x00000012   Code   RO         3216    .text               c_w.l(exit.o)
    0x08017e0e   0x00000002   PAD
    0x08017e10   0x00000320   Code   RO         3276    .text               c_w.l(scanf_hexfp.o)
    0x08018130   0x00000134   Code   RO         3278    .text               c_w.l(scanf_infnan.o)
    0x08018264   0x00000026   Code   RO         3294    .text               c_w.l(llshl.o)
    0x0801828a   0x0000001c   Code   RO         3296    .text               c_w.l(_chval.o)
    0x080182a6   0x0000003e   Code   RO         3174    CL$$btod_d2e        c_w.l(btod.o)
    0x080182e4   0x00000046   Code   RO         3176    CL$$btod_d2e_denorm_low  c_w.l(btod.o)
    0x0801832a   0x00000060   Code   RO         3175    CL$$btod_d2e_norm_op1  c_w.l(btod.o)
    0x0801838a   0x00000338   Code   RO         3184    CL$$btod_div_common  c_w.l(btod.o)
    0x080186c2   0x00000002   PAD
    0x080186c4   0x00000054   Code   RO         3182    CL$$btod_e2d        c_w.l(btod.o)
    0x08018718   0x000000c6   Code   RO         3181    CL$$btod_e2e        c_w.l(btod.o)
    0x080187de   0x00000028   Code   RO         3178    CL$$btod_ediv       c_w.l(btod.o)
    0x08018806   0x00000028   Code   RO         3180    CL$$btod_edivd      c_w.l(btod.o)
    0x0801882e   0x00000028   Code   RO         3177    CL$$btod_emul       c_w.l(btod.o)
    0x08018856   0x00000028   Code   RO         3179    CL$$btod_emuld      c_w.l(btod.o)
    0x0801887e   0x00000244   Code   RO         3183    CL$$btod_mult_common  c_w.l(btod.o)
    0x08018ac2   0x00000002   PAD
    0x08018ac4   0x000000ac   Code   RO         2645    CODE                os_cpu_a.o
    0x08018b70   0x00000030   Code   RO         3129    i.__ARM_fpclassify  m_wm.l(fpclassify.o)
    0x08018ba0   0x00000038   Code   RO         2983    i.__hardfp_atof     m_wm.l(atof.o)
    0x08018bd8   0x000000d0   Code   RO         3303    i.__hardfp_ldexp    m_wm.l(ldexp.o)
    0x08018ca8   0x00000020   Code   RO         3119    i.__mathlib_dbl_overflow  m_wm.l(dunder.o)
    0x08018cc8   0x00000020   Code   RO         3121    i.__mathlib_dbl_underflow  m_wm.l(dunder.o)
    0x08018ce8   0x000000b8   Code   RO         3261    i.__mathlib_narrow  m_wm.l(narrow.o)
    0x08018da0   0x00000014   Code   RO         3305    i.__support_ldexp   m_wm.l(ldexp.o)
    0x08018db4   0x0000000e   Code   RO         2883    i._is_digit         c_w.l(__printf_wp.o)
    0x08018dc2   0x00000006   PAD
    0x08018dc8   0x0000008c   Code   RO         3288    i.frexp             m_wm.l(frexp.o)
    0x08018e54   0x0000002c   Code   RO         3197    locale$$code        c_w.l(lc_numeric_c.o)
    0x08018e80   0x0000002c   Code   RO         3241    locale$$code        c_w.l(lc_ctype_c.o)
    0x08018eac   0x00000062   Code   RO         2919    x$fpl$d2f           fz_wm.l(d2f.o)
    0x08018f0e   0x00000002   PAD
    0x08018f10   0x00000150   Code   RO         2921    x$fpl$dadd          fz_wm.l(daddsub_clz.o)
    0x08019060   0x00000010   Code   RO         3351    x$fpl$dcheck1       fz_wm.l(dcheck1.o)
    0x08019070   0x00000018   Code   RO         3088    x$fpl$dcmpinf       fz_wm.l(dcmpi.o)
    0x08019088   0x000002b0   Code   RO         2928    x$fpl$ddiv          fz_wm.l(ddiv.o)
    0x08019338   0x00000078   Code   RO         2931    x$fpl$deqf          fz_wm.l(deqf.o)
    0x080193b0   0x0000005e   Code   RO         2933    x$fpl$dfix          fz_wm.l(dfix.o)
    0x0801940e   0x0000002e   Code   RO         2938    x$fpl$dflt          fz_wm.l(dflt_clz.o)
    0x0801943c   0x000000a2   Code   RO         2943    x$fpl$dfltll        fz_wm.l(dfltll_clz.o)
    0x080194de   0x00000002   PAD
    0x080194e0   0x00000078   Code   RO         2947    x$fpl$dleqf         fz_wm.l(dleqf.o)
    0x08019558   0x00000154   Code   RO         2949    x$fpl$dmul          fz_wm.l(dmul.o)
    0x080196ac   0x0000009c   Code   RO         3090    x$fpl$dnaninf       fz_wm.l(dnaninf.o)
    0x08019748   0x0000000c   Code   RO         3092    x$fpl$dretinf       fz_wm.l(dretinf.o)
    0x08019754   0x0000006c   Code   RO         2951    x$fpl$drleqf        fz_wm.l(drleqf.o)
    0x080197c0   0x000001d4   Code   RO         2923    x$fpl$dsub          fz_wm.l(daddsub_clz.o)
    0x08019994   0x00000056   Code   RO         2953    x$fpl$f2d           fz_wm.l(f2d.o)
    0x080199ea   0x0000008c   Code   RO         3096    x$fpl$fnaninf       fz_wm.l(fnaninf.o)
    0x08019a76   0x0000000a   Code   RO         3201    x$fpl$fpinit        fz_wm.l(fpinit.o)
    0x08019a80   0x0000000a   Code   RO         3098    x$fpl$fretinf       fz_wm.l(fretinf.o)
    0x08019a8a   0x00000004   Code   RO         2955    x$fpl$printf1       fz_wm.l(printf1.o)
    0x08019a8e   0x00000064   Code   RO         3353    x$fpl$retnan        fz_wm.l(retnan.o)
    0x08019af2   0x0000005c   Code   RO         3349    x$fpl$scalbn        fz_wm.l(scalbn.o)
    0x08019b4e   0x00000004   Code   RO         3205    x$fpl$scanf1        fz_wm.l(scanf1.o)
    0x08019b52   0x00000008   Code   RO         3254    x$fpl$scanf2        fz_wm.l(scanf2.o)
    0x08019b5a   0x00000030   Code   RO         3355    x$fpl$trapveneer    fz_wm.l(trapv.o)
    0x08019b8a   0x00000000   Code   RO         3100    x$fpl$usenofp       fz_wm.l(usenofp.o)
    0x08019b8a   0x00000002   PAD
    0x08019b8c   0x00000024   Data   RO         1888    .constdata          malloc.o
    0x08019bb0   0x00000040   Data   RO         2253    .constdata          auto_navigation_app.o
    0x08019bf0   0x00000104   Data   RO         2304    .constdata          cpu_core.o
    0x08019cf4   0x00000094   Data   RO         2396    .constdata          lib_str.o
    0x08019d88   0x000000a4   Data   RO         2417    .constdata          os_cfg_app.o
    0x08019e2c   0x0000016c   Data   RO         2448    .constdata          os_dbg.o
    0x08019f98   0x0000003a   Data   RO         2760    .constdata          ff.o
    0x08019fd2   0x0002acc8   Data   RO         2778    .constdata          cc936.o
    0x08044c9a   0x00000002   PAD
    0x08044c9c   0x00000094   Data   RO         3172    .constdata          c_w.l(bigflt0.o)
    0x08044d30   0x0000002f   Data   RO         2254    .conststring        auto_navigation_app.o
    0x08044d5f   0x00000001   PAD
    0x08044d60   0x00000020   Data   RO         3357    Region$$Table       anon$$obj.o
    0x08044d80   0x00000008   Data   RO         3251    c$$dinf             fz_wm.l(fpconst.o)
    0x08044d88   0x0000001c   Data   RO         3196    locale$$data        c_w.l(lc_numeric_c.o)
    0x08044da4   0x00000110   Data   RO         3240    locale$$data        c_w.l(lc_ctype_c.o)


    Execution Region RW_IRAM1 (Base: 0x20000000, Size: 0x0001c3d8, Max: 0x00020000, ABSOLUTE, COMPRESSED[0x00000258])

    Base Addr    Size         Type   Attr      Idx    E Section Name        Object

    0x20000000   0x00000078   Data   RW            5    .data               main.o
    0x20000078   0x00000014   Data   RW          432    .data               system_stm32f4xx.o
    0x2000008c   0x00000010   Data   RW          980    .data               stm32f4xx_rcc.o
    0x2000009c   0x00000004   Data   RW         1185    .data               delay.o
    0x200000a0   0x00000002   Data   RW         1256    .data               usart2.o
    0x200000a2   0x00000002   PAD
    0x200000a4   0x00000006   Data   RW         1287    .data               usart3.o
    0x200000aa   0x00000004   Data   RW         1318    .data               usart6.o
    0x200000ae   0x00000002   Data   RW         1345    .data               usart1.o
    0x200000b0   0x00000010   Data   RW         1593    .data               sdio_sdcard.o
    0x200000c0   0x0000000c   Data   RW         1620    .data               ms5837.o
    0x200000cc   0x00000017   Data   RW         1663    .data               tfmini.o
    0x200000e3   0x00000002   Data   RW         1707    .data               buffprintf.o
    0x200000e5   0x00000003   PAD
    0x200000e8   0x00000030   Data   RW         1816    .data               tail_servo_control.o
    0x20000118   0x00000020   Data   RW         1838    .data               pectoral_servo_control.o
    0x20000138   0x00000016   Data   RW         1861    .data               rflink.o
    0x2000014e   0x00000002   PAD
    0x20000150   0x00000024   Data   RW         1889    .data               malloc.o
    0x20000174   0x0000001c   Data   RW         1936    .data               swim_control_app.o
    0x20000190   0x00000021   Data   RW         2033    .data               data_storage_app.o
    0x200001b1   0x00000020   Data   RW         2058    .data               data_sendback_app.o
    0x200001d1   0x00000002   Data   RW         2083    .data               data_show_app.o
    0x200001d3   0x00000001   PAD
    0x200001d4   0x00000008   Data   RW         2108    .data               pantilt_control.o
    0x200001dc   0x00000002   Data   RW         2181    .data               distributed_communicate_app.o
    0x200001de   0x00000002   PAD
    0x200001e0   0x000004e8   Data   RW         2255    .data               auto_navigation_app.o
    0x200006c8   0x00000004   Data   RW         2305    .data               cpu_core.o
    0x200006cc   0x00000004   Data   RW         2378    .data               lib_mem.o
    0x200006d0   0x00000008   Data   RW         2529    .data               os_prio.o
    0x200006d8   0x000000c8   Data   RW         2632    .data               os_var.o
    0x200007a0   0x00000004   Data   RW         2651    .data               os_cpu_c.o
    0x200007a4   0x00000006   Data   RW         2761    .data               ff.o
    0x200007aa   0x00000002   PAD
    0x200007ac   0x00000018   Data   RW         2806    .data               exfuns.o
    0x200007c4   0x00000004   PAD
    0x200007c8   0x00000b90   Zero   RW            4    .bss                main.o
    0x20001358   0x000000c8   Zero   RW         1255    .bss                usart2.o
    0x20001420   0x000000c8   Zero   RW         1286    .bss                usart3.o
    0x200014e8   0x000000c8   Zero   RW         1317    .bss                usart6.o
    0x200015b0   0x000000c8   Zero   RW         1344    .bss                usart1.o
    0x20001678   0x000002c0   Zero   RW         1592    .bss                sdio_sdcard.o
    0x20001938   0x0000000e   Zero   RW         1619    .bss                ms5837.o
    0x20001946   0x00000002   PAD
    0x20001948   0x00002240   Zero   RW         1706    .bss                buffprintf.o
    0x20003b88   0x00000010   Zero   RW         1815    .bss                tail_servo_control.o
    0x20003b98   0x000001f8   Zero   RW         1860    .bss                rflink.o
    0x20003d90   0x00000010   PAD
    0x20003da0   0x00011000   Zero   RW         1887    .bss                malloc.o
    0x20014da0   0x000004f8   Zero   RW         1935    .bss                swim_control_app.o
    0x20015298   0x000004c8   Zero   RW         1960    .bss                command_analysis_app.o
    0x20015760   0x000004f8   Zero   RW         2008    .bss                sensors_update_app.o
    0x20015c58   0x000004f8   Zero   RW         2032    .bss                data_storage_app.o
    0x20016150   0x000008c8   Zero   RW         2057    .bss                data_sendback_app.o
    0x20016a18   0x000004f8   Zero   RW         2082    .bss                data_show_app.o
    0x20016f10   0x000004fc   Zero   RW         2107    .bss                pantilt_control.o
    0x2001740c   0x00000004   PAD
    0x20017410   0x000004f8   Zero   RW         2156    .bss                depth_control_app.o
    0x20017908   0x000015c0   Zero   RW         2180    .bss                distributed_communicate_app.o
    0x20018ec8   0x000004c8   Zero   RW         2205    .bss                command_analysis_friend_app.o
    0x20019390   0x000004f8   Zero   RW         2252    .bss                auto_navigation_app.o
    0x20019888   0x00000010   Zero   RW         2303    .bss                cpu_core.o
    0x20019898   0x00000448   Zero   RW         2377    .bss                lib_mem.o
    0x20019ce0   0x00001490   Zero   RW         2416    .bss                os_cfg_app.o
    0x2001b170   0x000006e0   Zero   RW         2631    .bss                os_var.o
    0x2001b850   0x00000044   Zero   RW         2803    .bss                exfuns.o
    0x2001b894   0x000000e4   Zero   RW         2898    .bss                c_w.l(rand.o)
    0x2001b978   0x00000060   Zero   RW         3208    .bss                c_w.l(libspace.o)
    0x2001b9d8   0x00000200   Zero   RW          456    HEAP                startup_stm32f40_41xxx.o
    0x2001bbd8   0x00000800   Zero   RW          455    STACK               startup_stm32f40_41xxx.o



  Load Region LR$$.ARM.__AT_0x10000000 (Base: 0x10000000, Size: 0x00000000, Max: 0x0000f000, ABSOLUTE)

    Execution Region ER$$.ARM.__AT_0x10000000 (Base: 0x10000000, Size: 0x0000f000, Max: 0x0000f000, ABSOLUTE, UNINIT)

    Base Addr    Size         Type   Attr      Idx    E Section Name        Object

    0x10000000   0x0000f000   Zero   RW         1883    .ARM.__AT_0x10000000  malloc.o



  Load Region LR$$.ARM.__AT_0x1000F000 (Base: 0x1000f000, Size: 0x00000000, Max: 0x00000f00, ABSOLUTE)

    Execution Region ER$$.ARM.__AT_0x1000F000 (Base: 0x1000f000, Size: 0x00000f00, Max: 0x00000f00, ABSOLUTE, UNINIT)

    Base Addr    Size         Type   Attr      Idx    E Section Name        Object

    0x1000f000   0x00000f00   Zero   RW         1884    .ARM.__AT_0x1000F000  malloc.o



  Load Region LR$$.ARM.__AT_0x68000000 (Base: 0x68000000, Size: 0x00000000, Max: 0x000f0000, ABSOLUTE)

    Execution Region ER$$.ARM.__AT_0x68000000 (Base: 0x68000000, Size: 0x000f0000, Max: 0x000f0000, ABSOLUTE, UNINIT)

    Base Addr    Size         Type   Attr      Idx    E Section Name        Object

    0x68000000   0x000f0000   Zero   RW         1885    .ARM.__AT_0x68000000  malloc.o



  Load Region LR$$.ARM.__AT_0x680F0000 (Base: 0x680f0000, Size: 0x00000000, Max: 0x0000f000, ABSOLUTE)

    Execution Region ER$$.ARM.__AT_0x680F0000 (Base: 0x680f0000, Size: 0x0000f000, Max: 0x0000f000, ABSOLUTE, UNINIT)

    Base Addr    Size         Type   Attr      Idx    E Section Name        Object

    0x680f0000   0x0000f000   Zero   RW         1886    .ARM.__AT_0x680F0000  malloc.o


==============================================================================

Image component sizes


      Code (inc. data)   RO Data    RW Data    ZI Data      Debug   Object Name

       294          0          0          0          0       1633   ads1115.o
      1680        306        111       1256       1272       5535   auto_navigation_app.o
       132         14          0          0          0       1211   bsp.o
      1248        124          0          2       8768       5758   buffprintf.o
       180         18     175304          0          0       2325   cc936.o
      1844        200          0          0       1224       2860   command_analysis_app.o
         0          0          0          0       1224        832   command_analysis_friend_app.o
        52          0          0          0          0        324   cpu_a.o
       680         14        260          4         16      14703   cpu_core.o
       620         82          0         32       2248       2492   data_sendback_app.o
       984         72          0          2       1272       2621   data_show_app.o
       812        112          0         33       1272       2657   data_storage_app.o
       328         24          0          4          0       3109   delay.o
       692         70          0          0       1272       2235   depth_control_app.o
       344          4          0          0          0       4049   diskio.o
      1040        120          0          2       5568       3614   distributed_communicate_app.o
       108          6          0          0          0        959   e18.o
         0          0          0         24         68        992   exfuns.o
      1428        516          0          0          0       5952   fattester.o
     12954        138         58          6          0      37822   ff.o
       188          0          0          0          0       1592   jy901.o
        84          4          0          0          0        730   led.o
       598          0          0          0          0       3964   lib_ascii.o
      2502         32          0          4       1096      22344   lib_mem.o
       544          0          0          0          0        472   lib_mem_a.o
      2348          6        148          0          0      13882   lib_str.o
       668         84          0        120       2960     350994   main.o
       552         16         36         36    1179392       5037   malloc.o
       224         20          0          0          0       1809   misc.o
      1040         52          0         12         14       2853   ms5837.o
       600         12          0          0          0       1948   myiic1.o
       616         14          0          0          0       2170   myiic2.o
       604         14          0          0          0       1948   myiic3.o
       600         12          0          0          0       1948   myiic4.o
       420          8          0          0          0       2009   myprintf.o
       252        166        164          0       5264      20882   os_cfg_app.o
      3568        284          0          0          0      12617   os_core.o
       172         32          0          0          0        392   os_cpu_a.o
      1016         64          0          4          0       4057   os_cpu_c.o
       432        286        364          0          0       4749   os_dbg.o
      3624        110          0          0          0       8251   os_flag.o
      1092        146          0          0          0       2360   os_int.o
       568         20          0          0          0       2880   os_mem.o
       556         12          0          0          0       2867   os_msg.o
      2772        114          0          0          0       5786   os_mutex.o
       124          4          0          8          0       1892   os_prio.o
      2264         76          0          0          0       6548   os_q.o
      2096         70          0          0          0       6568   os_sem.o
      1592        180          0          0          0       2841   os_stat.o
      7092        270          0          0          0      14394   os_task.o
      1276         90          0          0          0       3457   os_tick.o
      1380         46          0          0          0       3313   os_time.o
      2072        140          0          0          0       6694   os_tmr.o
         0          0          0        200       1760      19325   os_var.o
      1088        104          0          8       1276       3193   pantilt_control.o
        96         16          0         32          0       1491   pectoral_servo_control.o
       856         46          0         22        504       3755   rflink.o
      7520        282          0         16        704      25221   sdio_sdcard.o
      1192         92          0          0       1272       3141   sensors_update_app.o
       396          8          0          0          0       1243   servo_pwm.o
        64         26        392          0       2560        832   startup_stm32f40_41xxx.o
       936         32          0          0          0       6389   stm32f4xx_dma.o
       660         44          0          0          0       4153   stm32f4xx_gpio.o
        22          0          0          0          0       1031   stm32f4xx_it.o
      1628         52          0         16          0      13020   stm32f4xx_rcc.o
       476         16          0          0          0       7412   stm32f4xx_sdio.o
      3234         60          0          0          0      23008   stm32f4xx_tim.o
      1108         34          0          0          0       7876   stm32f4xx_usart.o
      1900        170          0         28       1272       4738   swim_control_app.o
        16          0          0          0          0        488   sys.o
       528         46          0         20          0       1767   system_stm32f4xx.o
       164         16          0         48         16       1503   tail_servo_control.o
       336          4          0         23          0       3130   tfmini.o
        96          0          0          0          0       1048   uart6_printf.o
       364         22          0          2        200       2025   usart1.o
       364         22          0          2        200       1710   usart2.o
       348         18          0          6        200       3317   usart3.o
       368         20          0          4        200       2029   usart6.o

    ----------------------------------------------------------------------
     92728       5334     176872       1988    1223120     768776   Object Totals
         0          0         32          0          0          0   (incl. Generated)
        12          0          3         12         26          0   (incl. Padding)

    ----------------------------------------------------------------------

      Code (inc. data)   RO Data    RW Data    ZI Data      Debug   Library Member Name

       100          0          0          0          0          0   __dclz77c.o
         8          0          0          0          0         68   __main.o
       104          0          0          0          0         84   __printf.o
        14          0          0          0          0         68   __printf_wp.o
         0          0          0          0          0          0   __rtentry.o
        12          0          0          0          0          0   __rtentry2.o
         6          0          0          0          0          0   __rtentry4.o
        52          8          0          0          0          0   __scatter.o
        28          0          0          0          0          0   __scatter_zi.o
        28          0          0          0          0         68   _chval.o
        48          6          0          0          0         96   _printf_char_common.o
         6          0          0          0          0          0   _printf_d.o
       120         16          0          0          0         92   _printf_dec.o
         6          0          0          0          0          0   _printf_f.o
      1050          0          0          0          0        216   _printf_fp_dec.o
       128         16          0          0          0         84   _printf_fp_infnan.o
       178          0          0          0          0         88   _printf_intcommon.o
         0          0          0          0          0          0   _printf_percent.o
         4          0          0          0          0          0   _printf_percent_end.o
        22          0          0          0          0        100   _rserrno.o
        64          0          0          0          0         84   _sgetc.o
        10          0          0          0          0         68   _sputc.o
       220          4        148          0          0         96   bigflt0.o
      2074        132          0          0          0        940   btod.o
        18          0          0          0          0         80   exit.o
         6          0          0          0          0        152   heapauxi.o
        18          0          0          0          0         76   isspace.o
        44         10        272          0          0         76   lc_ctype_c.o
        44         10         28          0          0         76   lc_numeric_c.o
         2          0          0          0          0          0   libinit.o
        38          0          0          0          0          0   libinit2.o
         2          0          0          0          0          0   libshutdown.o
         2          0          0          0          0          0   libshutdown2.o
         8          4          0          0         96         68   libspace.o
        72          0          0          0          0         76   llsdiv.o
        38          0          0          0          0         68   llshl.o
       138          0          0          0          0         80   lludiv10.o
       238          0          0          0          0        100   lludivv7m.o
        40          6          0          0          0         84   noretval__2sprintf.o
       112         18          0          0        228        160   rand.o
        16          4          0          0          0         76   rt_ctype_table.o
         8          4          0          0          0         68   rt_errno_addr_intlibspace.o
         8          4          0          0          0         68   rt_locale_intlibspace.o
        78          0          0          0          0         80   rt_memclr_w.o
       138          0          0          0          0         68   rt_memcpy_v6.o
       100          0          0          0          0         80   rt_memcpy_w.o
         2          0          0          0          0          0   rtexit.o
        10          0          0          0          0          0   rtexit2.o
      1188         12          0          0          0        148   scanf_fp.o
       800         14          0          0          0        100   scanf_hexfp.o
       308         16          0          0          0        100   scanf_infnan.o
       128          0          0          0          0         68   strcmpv7m.o
        72          0          0          0          0         80   strcpy.o
       164         14          0          0          0        120   strtod.o
        74          0          0          0          0         80   sys_stackheap_outer.o
         2          0          0          0          0         68   use_no_semi.o
         2          0          0          0          0         68   use_no_semi_2.o
        98          4          0          0          0        140   d2f.o
       804         16          0          0          0        368   daddsub_clz.o
        16          4          0          0          0        116   dcheck1.o
        24          0          0          0          0        116   dcmpi.o
       688        140          0          0          0        256   ddiv.o
       120          4          0          0          0        140   deqf.o
        94          4          0          0          0        140   dfix.o
        46          0          0          0          0        116   dflt_clz.o
       162          0          0          0          0        132   dfltll_clz.o
       120          4          0          0          0        140   dleqf.o
       340         12          0          0          0        152   dmul.o
       156          4          0          0          0        140   dnaninf.o
        12          0          0          0          0        116   dretinf.o
       108          0          0          0          0        128   drleqf.o
        86          4          0          0          0        132   f2d.o
       140          4          0          0          0        132   fnaninf.o
         0          0          8          0          0          0   fpconst.o
        10          0          0          0          0        116   fpinit.o
        10          0          0          0          0        116   fretinf.o
         4          0          0          0          0        116   printf1.o
       100          0          0          0          0        116   retnan.o
        92          0          0          0          0        116   scalbn.o
         4          0          0          0          0        116   scanf1.o
         8          0          0          0          0        132   scanf2.o
        48          0          0          0          0        116   trapv.o
         0          0          0          0          0          0   usenofp.o
        56         12          0          0          0        132   atof.o
        64         16          0          0          0        248   dunder.o
        48          0          0          0          0        124   fpclassify.o
       140         22          0          0          0        132   frexp.o
       228          8          0          0          0        308   ldexp.o
       184         18          0          0          0        152   narrow.o

    ----------------------------------------------------------------------
     12236        576        456          0        324       9024   Library Totals
        26          2          0          0          0          0   (incl. Padding)

    ----------------------------------------------------------------------

      Code (inc. data)   RO Data    RW Data    ZI Data      Debug   Library Name

      8200        298        448          0        324       4520   c_w.l
      3290        200          8          0          0       3408   fz_wm.l
       720         76          0          0          0       1096   m_wm.l

    ----------------------------------------------------------------------
     12236        576        456          0        324       9024   Library Totals

    ----------------------------------------------------------------------

==============================================================================


      Code (inc. data)   RO Data    RW Data    ZI Data      Debug   

    104964       5910     177328       1988    1223444     757852   Grand Totals
    104964       5910     177328        600    1223444     757852   ELF Image Totals (compressed)
    104964       5910     177328        600          0          0   ROM Totals

==============================================================================

    Total RO  Size (Code + RO Data)               282292 ( 275.68kB)
    Total RW  Size (RW Data + ZI Data)           1225432 (1196.71kB)
    Total ROM Size (Code + RO Data + RW Data)     282892 ( 276.26kB)

==============================================================================

