<html>
<body>
<pre>
<h1>礦ision Build Log</h1>
<h2>Tool Versions:</h2>
IDE-Version: μVision V5.22.0.0
Copyright (C) 2016 ARM Ltd and ARM Germany GmbH. All rights reserved.
License Information: shuaizheng yan, UESTC, LIC=S5IQD-8KHVW-RELH3-A7EE5-1YVSM-RFV9F
 
Tool Versions:
Toolchain:       MDK-ARM Professional  Version: 5.22
Toolchain Path:  D:\software\Keil\ARM\ARMCC\Bin
C Compiler:      Armcc.exe V5.06 update 4 (build 422)
Assembler:       Armasm.exe V5.06 update 4 (build 422)
Linker/Locator:  ArmLink.exe V5.06 update 4 (build 422)
Library Manager: ArmAr.exe V5.06 update 4 (build 422)
Hex Converter:   FromElf.exe V5.06 update 4 (build 422)
CPU DLL:         SARMCM3.DLL V5.22
Dialog DLL:      DCM.DLL V1.13.9.0
Target DLL:      STLink\ST-LINKIII-KEIL_SWO.dll V2.0.18.0
Dialog DLL:      TCM.DLL V1.21.0.0
 
<h2>Project:</h2>
C:\Users\yan\Workspace\RobotShark-MCU\USER\RobotShark.uvprojx
Project File Date:  03/08/2021

<h2>Output:</h2>
*** Using Compiler 'V5.06 update 4 (build 422)', folder: 'D:\software\Keil\ARM\ARMCC\Bin'
Rebuild target 'Template'
assembling startup_stm32f40_41xxx.s...
compiling system_stm32f4xx.c...
compiling stm32f4xx_crc.c...
compiling stm32f4xx_adc.c...
compiling misc.c...
compiling stm32f4xx_can.c...
compiling stm32f4xx_cryp_des.c...
compiling stm32f4xx_it.c...
compiling stm32f4xx_cryp.c...
compiling stm32f4xx_cryp_tdes.c...
compiling stm32f4xx_cryp_aes.c...
compiling stm32f4xx_flash.c...
compiling stm32f4xx_dma.c...
compiling stm32f4xx_dma2d.c...
compiling stm32f4xx_exti.c...
compiling stm32f4xx_gpio.c...
compiling stm32f4xx_dcmi.c...
compiling stm32f4xx_dbgmcu.c...
compiling stm32f4xx_flash_ramfunc.c...
compiling stm32f4xx_dac.c...
compiling stm32f4xx_fsmc.c...
compiling main.c...
common.h(19): warning:  #1-D: last line of file ends without a newline
  #endif
..\HARDWARE\JY901\jy901.h(86): warning:  #1295-D: Deprecated declaration JY901_init - give arg types
  void JY901_init();
..\HARDWARE\JY901\jy901.h(89): warning:  #1-D: last line of file ends without a newline
  #endif
..\HARDWARE\ADS1115\ads1115.h(109): warning:  #1295-D: Deprecated declaration ads1115_init - give arg types
  void ads1115_init();
..\HARDWARE\ADS1115\ads1115.h(112): warning:  #1-D: last line of file ends without a newline
  #endif
..\HARDWARE\MS5837\ms5837.h(42): warning:  #1-D: last line of file ends without a newline
  #endif
..\HARDWARE\TFMINI\TFmini.h(25): warning:  #1295-D: Deprecated declaration TFmini_init - give arg types
  void TFmini_init();
..\HARDWARE\TFMINI\TFmini.h(33): warning:  #1295-D: Deprecated declaration TFmini_get_distance - give arg types
  uint16_t TFmini_get_distance();
..\HARDWARE\TFMINI\TFmini.h(34): warning:  #1-D: last line of file ends without a newline
  #endif
..\HARDWARE\E18Omdhon\E18.h(27): warning:  #1295-D: Deprecated declaration E18_init - give arg types
  void E18_init();
..\HARDWARE\E18Omdhon\E18.h(29): warning:  #1295-D: Deprecated declaration detect_filtering - give arg types
  void detect_filtering();				// 对障碍检测二值化结果滤波 （还未完成）
..\HARDWARE\E18Omdhon\E18.h(31): warning:  #1-D: last line of file ends without a newline
  #endif
..\HARDWARE\SERVO\servo_pwm.h(46): warning:  #1-D: last line of file ends without a newline
  #endif
..\USER\config.h(55): warning:  #1-D: last line of file ends without a newline
  #endif
..\MIDDLEWARE\RFLink\rflink.h(141): warning:  #1-D: last line of file ends without a newline
  #endif
..\MIDDLEWARE\UART6Printf\uart6_printf.h(17): warning:  #1-D: last line of file ends without a newline
  #endif
..\MIDDLEWARE\ServoControl\tail_servo_control.h(32): warning:  #1-D: last line of file ends without a newline
  #endif
..\USER\robotstate.h(93): warning:  #1-D: last line of file ends without a newline
  #endif
..\HARDWARE\VALVE\valve.h(19): warning:  #1295-D: Deprecated declaration valve_init - give arg types
  void valve_init();
..\HARDWARE\VALVE\valve.h(23): warning:  #1-D: last line of file ends without a newline
  #endif
..\HARDWARE\PUMP\pump.h(22): warning:  #1-D: last line of file ends without a newline
  #endif
..\APPLICATION\DataStorage\data_storage_app.h(40): warning:  #1-D: last line of file ends without a newline
  #endif
..\HARDWARE\JY901\jy901.h(86): warning:  #1295-D: Deprecated declaration JY901_init - give arg types
  void JY901_init();
..\HARDWARE\JY901\jy901.h(89): warning:  #1-D: last line of file ends without a newline
  #endif
..\HARDWARE\VARISTOR\varistor.h(12): warning:  #1-D: last line of file ends without a newline
  #endif
..\APPLICATION\SensorsUpdate\sensors_update_app.h(44): warning:  #1-D: last line of file ends without a newline
  #endif
..\APPLICATION\DataSendBack\data_sendback_app.h(42): warning:  #1-D: last line of file ends without a newline
  #endif
..\APPLICATION\DataShow\data_show_app.h(33): warning:  #1-D: last line of file ends without a newline
  #endif
..\APPLICATION\AutoNavigation\auto_navigation_app.h(104): warning:  #1-D: last line of file ends without a newline
  #endif
..\HARDWARE\MOTOR\motor.h(24): warning:  #1295-D: Deprecated declaration TB6612FNG1_init - give arg types
  static void TB6612FNG1_init();
..\HARDWARE\MOTOR\motor.h(25): warning:  #1295-D: Deprecated declaration TB6612FNG2_init - give arg types
  static void TB6612FNG2_init();
..\HARDWARE\MOTOR\motor.h(52): warning:  #1-D: last line of file ends without a newline
  #endif
..\APPLICATION\PantiltControl\pantilt_control.h(47): warning:  #1295-D: Deprecated declaration pantilt_control_tmrcallback - give arg types
  void pantilt_control_tmrcallback();
..\APPLICATION\PantiltControl\pantilt_control.h(48): warning:  #1295-D: Deprecated declaration pantilt_control_task_init - give arg types
  void pantilt_control_task_init();
..\APPLICATION\PantiltControl\pantilt_control.h(49): warning:  #1295-D: Deprecated declaration pantilt_control_stop - give arg types
  void pantilt_control_stop();
..\APPLICATION\PantiltControl\pantilt_control.h(50): warning:  #1295-D: Deprecated declaration pantilt_control_resume - give arg types
  void pantilt_control_resume();
..\APPLICATION\PantiltControl\pantilt_control.h(53): warning:  #1-D: last line of file ends without a newline
  #endif
..\APPLICATION\CommandAnalysis\command_analysis_app.h(40): warning:  #1-D: last line of file ends without a newline
  #endif
..\APPLICATION\CommandAnalysisToSlave\command_analysis_slave_app.h(33): warning:  #1-D: last line of file ends without a newline
  #endif
..\APPLICATION\CommandAnalysisFromFriend\command_analysis_friend_app.h(33): warning:  #1-D: last line of file ends without a newline
  #endif
..\APPLICATION\CollisionAvoidance\collision_avoidance_app.h(35): warning:  #1-D: last line of file ends without a newline
  #endif
..\APPLICATION\TargetTracking\target_tracking_app.h(40): warning:  #1-D: last line of file ends without a newline
  #endif
..\USER\control_param.h(32): warning:  #1-D: last line of file ends without a newline
  #endif
..\APPLICATION\DepthControl\depth_control_app.h(39): warning:  #1-D: last line of file ends without a newline
  #endif
..\APPLICATION\DistributedComunicate\distributed_communicate_app.h(23): warning:  #1-D: last line of file ends without a newline
  #endif
main.c(43): warning:  #177-D: variable "err"  was declared but never referenced
      OS_ERR err;
main.c(44): warning:  #177-D: variable "tick"  was declared but never referenced
  	OS_TICK tick;
main.c(45): warning:  #177-D: variable "ts"  was declared but never referenced
      CPU_TS ts;
main.c(46): warning:  #177-D: variable "size"  was declared but never referenced
      OS_MSG_SIZE size;
main.c(159): warning:  #177-D: variable "temp"  was declared but never referenced
  	u8 temp = 0x01;
main.c: 50 warnings, 0 errors
compiling stm32f4xx_i2c.c...
compiling stm32f4xx_hash.c...
compiling stm32f4xx_hash_md5.c...
compiling stm32f4xx_iwdg.c...
compiling stm32f4xx_hash_sha1.c...
compiling stm32f4xx_ltdc.c...
compiling stm32f4xx_pwr.c...
compiling stm32f4xx_rng.c...
compiling stm32f4xx_rcc.c...
compiling stm32f4xx_rtc.c...
compiling stm32f4xx_tim.c...
compiling stm32f4xx_sai.c...
compiling stm32f4xx_syscfg.c...
compiling stm32f4xx_wwdg.c...
compiling sys.c...
compiling led.c...
compiling stm32f4xx_sdio.c...
compiling stm32f4xx_usart.c...
compiling delay.c...
compiling stm32f4xx_spi.c...
compiling usart2.c...
..\USER\config.h(55): warning:  #1-D: last line of file ends without a newline
  #endif
..\MIDDLEWARE\RFLink\rflink.h(141): warning:  #1-D: last line of file ends without a newline
  #endif
..\HARDWARE\VALVE\valve.h(19): warning:  #1295-D: Deprecated declaration valve_init - give arg types
  void valve_init();
..\HARDWARE\VALVE\valve.h(23): warning:  #1-D: last line of file ends without a newline
  #endif
..\HARDWARE\PUMP\pump.h(22): warning:  #1-D: last line of file ends without a newline
  #endif
..\USER\robotstate.h(93): warning:  #1-D: last line of file ends without a newline
  #endif
..\APPLICATION\DataStorage\data_storage_app.h(40): warning:  #1-D: last line of file ends without a newline
  #endif
..\HARDWARE\SERVO\servo_pwm.h(46): warning:  #1-D: last line of file ends without a newline
  #endif
..\MIDDLEWARE\ServoControl\tail_servo_control.h(32): warning:  #1-D: last line of file ends without a newline
  #endif
..\HARDWARE\JY901\jy901.h(86): warning:  #1295-D: Deprecated declaration JY901_init - give arg types
  void JY901_init();
..\HARDWARE\JY901\jy901.h(89): warning:  #1-D: last line of file ends without a newline
  #endif
..\HARDWARE\VARISTOR\varistor.h(12): warning:  #1-D: last line of file ends without a newline
  #endif
..\HARDWARE\MS5837\ms5837.h(42): warning:  #1-D: last line of file ends without a newline
  #endif
..\HARDWARE\TFMINI\TFmini.h(25): warning:  #1295-D: Deprecated declaration TFmini_init - give arg types
  void TFmini_init();
..\HARDWARE\TFMINI\TFmini.h(33): warning:  #1295-D: Deprecated declaration TFmini_get_distance - give arg types
  uint16_t TFmini_get_distance();
..\HARDWARE\TFMINI\TFmini.h(34): warning:  #1-D: last line of file ends without a newline
  #endif
..\HARDWARE\E18Omdhon\E18.h(27): warning:  #1295-D: Deprecated declaration E18_init - give arg types
  void E18_init();
..\HARDWARE\E18Omdhon\E18.h(29): warning:  #1295-D: Deprecated declaration detect_filtering - give arg types
  void detect_filtering();				// 对障碍检测二值化结果滤波 （还未完成）
..\HARDWARE\E18Omdhon\E18.h(31): warning:  #1-D: last line of file ends without a newline
  #endif
..\MIDDLEWARE\UART6Printf\uart6_printf.h(17): warning:  #1-D: last line of file ends without a newline
  #endif
..\APPLICATION\SensorsUpdate\sensors_update_app.h(44): warning:  #1-D: last line of file ends without a newline
  #endif
..\APPLICATION\DataSendBack\data_sendback_app.h(42): warning:  #1-D: last line of file ends without a newline
  #endif
..\APPLICATION\DataShow\data_show_app.h(33): warning:  #1-D: last line of file ends without a newline
  #endif
..\APPLICATION\AutoNavigation\auto_navigation_app.h(104): warning:  #1-D: last line of file ends without a newline
  #endif
..\HARDWARE\MOTOR\motor.h(24): warning:  #1295-D: Deprecated declaration TB6612FNG1_init - give arg types
  static void TB6612FNG1_init();
..\HARDWARE\MOTOR\motor.h(25): warning:  #1295-D: Deprecated declaration TB6612FNG2_init - give arg types
  static void TB6612FNG2_init();
..\HARDWARE\MOTOR\motor.h(52): warning:  #1-D: last line of file ends without a newline
  #endif
..\APPLICATION\PantiltControl\pantilt_control.h(47): warning:  #1295-D: Deprecated declaration pantilt_control_tmrcallback - give arg types
  void pantilt_control_tmrcallback();
..\APPLICATION\PantiltControl\pantilt_control.h(48): warning:  #1295-D: Deprecated declaration pantilt_control_task_init - give arg types
  void pantilt_control_task_init();
..\APPLICATION\PantiltControl\pantilt_control.h(49): warning:  #1295-D: Deprecated declaration pantilt_control_stop - give arg types
  void pantilt_control_stop();
..\APPLICATION\PantiltControl\pantilt_control.h(50): warning:  #1295-D: Deprecated declaration pantilt_control_resume - give arg types
  void pantilt_control_resume();
..\APPLICATION\PantiltControl\pantilt_control.h(53): warning:  #1-D: last line of file ends without a newline
  #endif
..\APPLICATION\CommandAnalysis\command_analysis_app.h(40): warning:  #1-D: last line of file ends without a newline
  #endif
..\HARDWARE\USART2\usart2.c: 33 warnings, 0 errors
compiling myiic2.c...
compiling myiic1.c...
compiling myiic3.c...
compiling mpu6050.c...
compiling servo_pwm.c...
..\HARDWARE\SERVO\servo_pwm.h(46): warning:  #1-D: last line of file ends without a newline
  #endif
..\HARDWARE\SERVO\servo_pwm.c: 1 warning, 0 errors
compiling usart3.c...
..\HARDWARE\USART3\usart3.c(173): warning:  #223-D: function "OSIntEnter" declared implicitly
  	OSIntEnter();    
..\HARDWARE\USART3\usart3.c(202): warning:  #223-D: function "OSIntExit" declared implicitly
  	OSIntExit();  											 
..\HARDWARE\USART3\usart3.c: 2 warnings, 0 errors
compiling myiic4.c...
..\HARDWARE\IIC\myiic4.c(212): warning:  #1-D: last line of file ends without a newline
  }
..\HARDWARE\IIC\myiic4.c: 1 warning, 0 errors
compiling usart6.c...
..\HARDWARE\TFMINI\TFmini.h(25): warning:  #1295-D: Deprecated declaration TFmini_init - give arg types
  void TFmini_init();
..\HARDWARE\TFMINI\TFmini.h(33): warning:  #1295-D: Deprecated declaration TFmini_get_distance - give arg types
  uint16_t TFmini_get_distance();
..\HARDWARE\TFMINI\TFmini.h(34): warning:  #1-D: last line of file ends without a newline
  #endif
..\USER\config.h(55): warning:  #1-D: last line of file ends without a newline
  #endif
..\MIDDLEWARE\RFLink\rflink.h(141): warning:  #1-D: last line of file ends without a newline
  #endif
..\USER\robotstate.h(93): warning:  #1-D: last line of file ends without a newline
  #endif
..\APPLICATION\CommandAnalysisToSlave\command_analysis_slave_app.h(33): warning:  #1-D: last line of file ends without a newline
  #endif
..\HARDWARE\USART6\usart6.c(115): warning:  #177-D: variable "err"  was declared but never referenced
  	OS_ERR err;
..\HARDWARE\USART6\usart6.c: 8 warnings, 0 errors
compiling usart1.c...
..\USER\config.h(55): warning:  #1-D: last line of file ends without a newline
  #endif
..\MIDDLEWARE\RFLink\rflink.h(141): warning:  #1-D: last line of file ends without a newline
  #endif
..\USER\robotstate.h(93): warning:  #1-D: last line of file ends without a newline
  #endif
..\APPLICATION\CommandAnalysisFromFriend\command_analysis_friend_app.h(33): warning:  #1-D: last line of file ends without a newline
  #endif
..\HARDWARE\USART1\usart1.c: 4 warnings, 0 errors
compiling inv_mpu.c...
..\HARDWARE\MPU6050\eMPL\inv_mpu.c(688): warning:  #174-D: expression has no effect
          
og_i("%#5x: %#5x\r\n", ii, data);
..\HARDWARE\MPU6050\eMPL\inv_mpu.c(688): warning:  #174-D: expression has no effect
          
og_i("%#5x: %#5x\r\n", ii, data);
..\HARDWARE\MPU6050\eMPL\inv_mpu.c(688): warning:  #174-D: expression has no effect
          
og_i("%#5x: %#5x\r\n", ii, data);
..\HARDWARE\MPU6050\eMPL\inv_mpu.c(751): warning:  #174-D: expression has no effect
              
og_e("Unsupported software product rev %d.\n", rev);
..\HARDWARE\MPU6050\eMPL\inv_mpu.c(751): warning:  #174-D: expression has no effect
              
og_e("Unsupported software product rev %d.\n", rev);
..\HARDWARE\MPU6050\eMPL\inv_mpu.c(759): warning:  #174-D: expression has no effect
              log_e("Product ID read as 0 indicates device is either "
..\HARDWARE\MPU6050\eMPL\inv_mpu.c(763): warning:  #174-D: expression has no effect
              
og_i("Half sensitivity part found.\n");
..\HARDWARE\MPU6050\eMPL\inv_mpu.c: 7 warnings, 0 errors
compiling ads1115.c...
..\HARDWARE\ADS1115\ads1115.h(109): warning:  #1295-D: Deprecated declaration ads1115_init - give arg types
  void ads1115_init();
..\HARDWARE\ADS1115\ads1115.h(112): warning:  #1-D: last line of file ends without a newline
  #endif
..\USER\config.h(55): warning:  #1-D: last line of file ends without a newline
  #endif
..\MIDDLEWARE\RFLink\rflink.h(141): warning:  #1-D: last line of file ends without a newline
  #endif
..\HARDWARE\ADS1115\ads1115.c(118): warning:  #1-D: last line of file ends without a newline
  }
..\HARDWARE\ADS1115\ads1115.c: 5 warnings, 0 errors
compiling inv_mpu_dmp_motion_driver.c...
compiling sdio_sdcard.c...
compiling jy901.c...
..\HARDWARE\JY901\jy901.h(86): warning:  #1295-D: Deprecated declaration JY901_init - give arg types
  void JY901_init();
..\HARDWARE\JY901\jy901.h(89): warning:  #1-D: last line of file ends without a newline
  #endif
..\HARDWARE\JY901\jy901.c(68): warning:  #1-D: last line of file ends without a newline
  }
..\HARDWARE\JY901\jy901.c: 3 warnings, 0 errors
compiling TFmini.c...
..\HARDWARE\TFMINI\TFmini.h(25): warning:  #1295-D: Deprecated declaration TFmini_init - give arg types
  void TFmini_init();
..\HARDWARE\TFMINI\TFmini.h(33): warning:  #1295-D: Deprecated declaration TFmini_get_distance - give arg types
  uint16_t TFmini_get_distance();
..\HARDWARE\TFMINI\TFmini.h(34): warning:  #1-D: last line of file ends without a newline
  #endif
..\HARDWARE\TFMINI\TFmini.c: 3 warnings, 0 errors
compiling E18.c...
..\HARDWARE\E18Omdhon\E18.h(27): warning:  #1295-D: Deprecated declaration E18_init - give arg types
  void E18_init();
..\HARDWARE\E18Omdhon\E18.h(29): warning:  #1295-D: Deprecated declaration detect_filtering - give arg types
  void detect_filtering();				// 对障碍检测二值化结果滤波 （还未完成）
..\HARDWARE\E18Omdhon\E18.h(31): warning:  #1-D: last line of file ends without a newline
  #endif
..\HARDWARE\E18Omdhon\E18.c: 3 warnings, 0 errors
compiling BuffPrintf.c...
..\USER\config.h(55): warning:  #1-D: last line of file ends without a newline
  #endif
..\MIDDLEWARE\RFLink\rflink.h(141): warning:  #1-D: last line of file ends without a newline
  #endif
..\MIDDLEWARE\BuffPrintf\BuffPrintf.c: 2 warnings, 0 errors
compiling ms5837.c...
..\HARDWARE\MS5837\ms5837.h(42): warning:  #1-D: last line of file ends without a newline
  #endif
..\USER\config.h(55): warning:  #1-D: last line of file ends without a newline
  #endif
..\MIDDLEWARE\RFLink\rflink.h(141): warning:  #1-D: last line of file ends without a newline
  #endif
..\HARDWARE\MS5837\ms5837.c: 3 warnings, 0 errors
compiling MyMath.c...
..\CORE\core_cm4.h(112): warning:  #1215-D: #warning directive: "Compiler generates FPU instructions for a device without an FPU (check __FPU_PRESENT)"
        #warning "Compiler generates FPU instructions for a device without an FPU (check __FPU_PRESENT)"
..\MIDDLEWARE\MATH\MyMath.c: 1 warning, 0 errors
compiling MyPrintf.c...
..\MIDDLEWARE\BuffPrintf\MyPrintf.c(58): warning:  #223-D: function "fputc_usart1" declared implicitly
      fputc_usart1(c, fp);
..\MIDDLEWARE\BuffPrintf\MyPrintf.c(188): warning:  #1-D: last line of file ends without a newline
  }       /* -----  end of function void MyPrintf  ----- */
..\MIDDLEWARE\BuffPrintf\MyPrintf.c: 2 warnings, 0 errors
compiling pectoral_servo_control.c...
..\HARDWARE\SERVO\servo_pwm.h(46): warning:  #1-D: last line of file ends without a newline
  #endif
..\MIDDLEWARE\ServoControl\pectoral_servo_control.c(12): warning:  #550-D: variable "s_f32_pectservo_angles"  was set but never used
  static float s_f32_pectservo_angles[PECTORAL_SERVO_AMOUNT] = {0.0f, 0.0f};
..\MIDDLEWARE\ServoControl\pectoral_servo_control.c(14): warning:  #550-D: variable "s_u32_pectservo_current_pwms"  was set but never used
  static uint32_t s_u32_pectservo_current_pwms[PECTORAL_SERVO_AMOUNT] = {1500, 1500};
..\MIDDLEWARE\ServoControl\pectoral_servo_control.c: 4 warnings, 0 errors
compiling cpg.c...
..\MIDDLEWARE\CPG\cpg.c(53): warning:  #177-D: variable "delta_freq"  was declared but never referenced
      float delta_freq;
..\MIDDLEWARE\CPG\cpg.c(54): warning:  #177-D: variable "freq_err"  was declared but never referenced
      float freq_err;
..\MIDDLEWARE\CPG\cpg.c: 2 warnings, 0 errors
compiling tail_servo_control.c...
..\HARDWARE\SERVO\servo_pwm.h(46): warning:  #1-D: last line of file ends without a newline
  #endif
..\MIDDLEWARE\ServoControl\tail_servo_control.c(12): warning:  #550-D: variable "s_f32_tailservo_angles"  was set but never used
  static float s_f32_tailservo_angles[TAIL_SERVO_AMOUNT] = {0.0f, 0.0f, 0.0f, 0.0f};
..\MIDDLEWARE\ServoControl\tail_servo_control.c(17): warning:  #550-D: variable "s_u32_tailservo_current_pwms"  was set but never used
  static uint32_t s_u32_tailservo_current_pwms[TAIL_SERVO_AMOUNT] = {TAIL_SERVO_1_MID_VALUE, \
..\MIDDLEWARE\ServoControl\tail_servo_control.c: 4 warnings, 0 errors
compiling malloc.c...
compiling rflink.c...
..\USER\config.h(55): warning:  #1-D: last line of file ends without a newline
  #endif
..\MIDDLEWARE\RFLink\rflink.h(141): warning:  #1-D: last line of file ends without a newline
  #endif
..\MIDDLEWARE\RFLink\rflink.c(143): warning:  #188-D: enumerated type mixed with another type
  		result.command = 0;
..\MIDDLEWARE\RFLink\rflink.c(177): warning:  #223-D: function "RFLinkPrintf" declared implicitly
  	RFLinkPrintf(&tx_message);
..\MIDDLEWARE\RFLink\rflink.c(179): warning:  #223-D: function "RFLinkUart6Printf" declared implicitly
  	RFLinkUart6Printf(&tx_message);
..\MIDDLEWARE\RFLink\rflink.c(181): warning:  #223-D: function "DistComPrintf" declared implicitly
  	DistComPrintf(&tx_message);
..\MIDDLEWARE\RFLink\rflink.c(250): warning:  #167-D: argument of type "char *" is incompatible with parameter of type "unsigned char *"
  	RFLink_sendStruct(
RIEND_ID1, PRINT_SYS_MSG, str_buf, strcnt);
..\MIDDLEWARE\RFLink\rflink.c(13): warning:  #177-D: variable "s_u32_analysis_package_count"  was declared but never referenced
  static uint32_t s_u32_analysis_package_count = 0;
..\MIDDLEWARE\RFLink\rflink.c: 8 warnings, 0 errors
compiling swim_control_app.c...
..\USER\config.h(55): warning:  #1-D: last line of file ends without a newline
  #endif
..\MIDDLEWARE\RFLink\rflink.h(141): warning:  #1-D: last line of file ends without a newline
  #endif
..\HARDWARE\SERVO\servo_pwm.h(46): warning:  #1-D: last line of file ends without a newline
  #endif
..\MIDDLEWARE\ServoControl\tail_servo_control.h(32): warning:  #1-D: last line of file ends without a newline
  #endif
..\USER\robotstate.h(93): warning:  #1-D: last line of file ends without a newline
  #endif
..\APPLICATION\SwimControl\swim_control_app.c(170): warning:  #177-D: variable "i"  was declared but never referenced
  	int i = 0;
..\APPLICATION\SwimControl\swim_control_app.c(250): warning:  #1035-D: single-precision operand implicitly converted to double-precision
  			amp = robosharkstate.swim_param.motion_amp/180*3.1415926; // 单位是弧度
..\APPLICATION\SwimControl\swim_control_app.c(251): warning:  #1035-D: single-precision operand implicitly converted to double-precision
  			freq = robosharkstate.swim_param.motion_freq*2*3.1415926; // 单位是角频率，2pi代表1Hz 
..\APPLICATION\SwimControl\swim_control_app.c(252): warning:  #1035-D: single-precision operand implicitly converted to double-precision
  			offset = robosharkstate.swim_param.motion_offset/180*3.1415926; // 单位是弧度
..\APPLICATION\SwimControl\swim_control_app.c(218): warning:  #177-D: variable "i"  was declared but never referenced
  	int i = 0;
..\APPLICATION\SwimControl\swim_control_app.c(298): warning:  #1-D: last line of file ends without a newline
  }
..\APPLICATION\SwimControl\swim_control_app.c: 11 warnings, 0 errors
compiling command_analysis_slave_app.c...
..\USER\config.h(55): warning:  #1-D: last line of file ends without a newline
  #endif
..\MIDDLEWARE\RFLink\rflink.h(141): warning:  #1-D: last line of file ends without a newline
  #endif
..\USER\robotstate.h(93): warning:  #1-D: last line of file ends without a newline
  #endif
..\APPLICATION\CommandAnalysisToSlave\command_analysis_slave_app.h(33): warning:  #1-D: last line of file ends without a newline
  #endif
..\APPLICATION\CommandAnalysisToSlave\command_analysis_slave_app.c(23): warning:  #177-D: variable "databuf"  was declared but never referenced
  	uint8_t databuf[16];
..\APPLICATION\CommandAnalysisToSlave\command_analysis_slave_app.c(73): warning:  #767-D: conversion from pointer to smaller integer
  		rx_data = (uint8_t)OSTaskQPend(0,
..\APPLICATION\CommandAnalysisToSlave\command_analysis_slave_app.c(68): warning:  #177-D: variable "ret"  was declared but never referenced
  	uint8_t ret;
..\APPLICATION\CommandAnalysisToSlave\command_analysis_slave_app.c: 7 warnings, 0 errors
compiling uart6_printf.c...
..\USER\config.h(55): warning:  #1-D: last line of file ends without a newline
  #endif
..\MIDDLEWARE\UART6Printf\uart6_printf.h(17): warning:  #1-D: last line of file ends without a newline
  #endif
..\MIDDLEWARE\UART6Printf\uart6_printf.c(39): warning:  #1-D: last line of file ends without a newline
  }
..\MIDDLEWARE\UART6Printf\uart6_printf.c: 4 warnings, 0 errors
compiling command_analysis_app.c...
..\USER\config.h(55): warning:  #1-D: last line of file ends without a newline
  #endif
..\MIDDLEWARE\RFLink\rflink.h(141): warning:  #1-D: last line of file ends without a newline
  #endif
..\HARDWARE\VALVE\valve.h(19): warning:  #1295-D: Deprecated declaration valve_init - give arg types
  void valve_init();
..\HARDWARE\VALVE\valve.h(23): warning:  #1-D: last line of file ends without a newline
  #endif
..\HARDWARE\PUMP\pump.h(22): warning:  #1-D: last line of file ends without a newline
  #endif
..\USER\robotstate.h(93): warning:  #1-D: last line of file ends without a newline
  #endif
..\APPLICATION\DataStorage\data_storage_app.h(40): warning:  #1-D: last line of file ends without a newline
  #endif
..\MIDDLEWARE\ServoControl\tail_servo_control.h(32): warning:  #1-D: last line of file ends without a newline
  #endif
..\HARDWARE\JY901\jy901.h(86): warning:  #1295-D: Deprecated declaration JY901_init - give arg types
  void JY901_init();
..\HARDWARE\JY901\jy901.h(89): warning:  #1-D: last line of file ends without a newline
  #endif
..\HARDWARE\VARISTOR\varistor.h(12): warning:  #1-D: last line of file ends without a newline
  #endif
..\HARDWARE\MS5837\ms5837.h(42): warning:  #1-D: last line of file ends without a newline
  #endif
..\HARDWARE\TFMINI\TFmini.h(25): warning:  #1295-D: Deprecated declaration TFmini_init - give arg types
  void TFmini_init();
..\HARDWARE\TFMINI\TFmini.h(33): warning:  #1295-D: Deprecated declaration TFmini_get_distance - give arg types
  uint16_t TFmini_get_distance();
..\HARDWARE\TFMINI\TFmini.h(34): warning:  #1-D: last line of file ends without a newline
  #endif
..\HARDWARE\E18Omdhon\E18.h(27): warning:  #1295-D: Deprecated declaration E18_init - give arg types
  void E18_init();
..\HARDWARE\E18Omdhon\E18.h(29): warning:  #1295-D: Deprecated declaration detect_filtering - give arg types
  void detect_filtering();				// 对障碍检测二值化结果滤波 （还未完成）
..\HARDWARE\E18Omdhon\E18.h(31): warning:  #1-D: last line of file ends without a newline
  #endif
..\MIDDLEWARE\UART6Printf\uart6_printf.h(17): warning:  #1-D: last line of file ends without a newline
  #endif
..\APPLICATION\SensorsUpdate\sensors_update_app.h(44): warning:  #1-D: last line of file ends without a newline
  #endif
..\APPLICATION\DataSendBack\data_sendback_app.h(42): warning:  #1-D: last line of file ends without a newline
  #endif
..\APPLICATION\DataShow\data_show_app.h(33): warning:  #1-D: last line of file ends without a newline
  #endif
..\APPLICATION\AutoNavigation\auto_navigation_app.h(104): warning:  #1-D: last line of file ends without a newline
  #endif
..\HARDWARE\MOTOR\motor.h(24): warning:  #1295-D: Deprecated declaration TB6612FNG1_init - give arg types
  static void TB6612FNG1_init();
..\HARDWARE\MOTOR\motor.h(25): warning:  #1295-D: Deprecated declaration TB6612FNG2_init - give arg types
  static void TB6612FNG2_init();
..\HARDWARE\MOTOR\motor.h(52): warning:  #1-D: last line of file ends without a newline
  #endif
..\APPLICATION\PantiltControl\pantilt_control.h(47): warning:  #1295-D: Deprecated declaration pantilt_control_tmrcallback - give arg types
  void pantilt_control_tmrcallback();
..\APPLICATION\PantiltControl\pantilt_control.h(48): warning:  #1295-D: Deprecated declaration pantilt_control_task_init - give arg types
  void pantilt_control_task_init();
..\APPLICATION\PantiltControl\pantilt_control.h(49): warning:  #1295-D: Deprecated declaration pantilt_control_stop - give arg types
  void pantilt_control_stop();
..\APPLICATION\PantiltControl\pantilt_control.h(50): warning:  #1295-D: Deprecated declaration pantilt_control_resume - give arg types
  void pantilt_control_resume();
..\APPLICATION\PantiltControl\pantilt_control.h(53): warning:  #1-D: last line of file ends without a newline
  #endif
..\APPLICATION\CommandAnalysis\command_analysis_app.h(40): warning:  #1-D: last line of file ends without a newline
  #endif
..\APPLICATION\CommandAnalysis\command_analysis_app.c(71): warning:  #1035-D: single-precision operand implicitly converted to double-precision
  			var = robosharkstate.swim_param.motion_freq + 0.2;
..\APPLICATION\CommandAnalysis\command_analysis_app.c(81): warning:  #1035-D: single-precision operand implicitly converted to double-precision
  			var = robosharkstate.swim_param.motion_freq - 0.2;
..\APPLICATION\CommandAnalysis\command_analysis_app.c(138): warning:  #167-D: argument of type "unsigned char *" is incompatible with parameter of type "const char *"
  			data = atof(message);
..\APPLICATION\CommandAnalysis\command_analysis_app.c(148): warning:  #167-D: argument of type "unsigned char *" is incompatible with parameter of type "const char *"
  			data = atof(message);
..\APPLICATION\CommandAnalysis\command_analysis_app.c(158): warning:  #167-D: argument of type "unsigned char *" is incompatible with parameter of type "const char *"
  			data = atof(message);
..\APPLICATION\CommandAnalysis\command_analysis_app.c(168): warning:  #1035-D: single-precision operand implicitly converted to double-precision
  			robosharkstate.swim_param.pecfin_angle[0] += 0.27;
..\APPLICATION\CommandAnalysis\command_analysis_app.c(186): warning:  #1035-D: single-precision operand implicitly converted to double-precision
  			robosharkstate.swim_param.pecfin_angle[0] -= 0.27;
..\APPLICATION\CommandAnalysis\command_analysis_app.c(195): warning:  #1035-D: single-precision operand implicitly converted to double-precision
  			robosharkstate.swim_param.pecfin_angle[1] -= 0.27;
..\APPLICATION\CommandAnalysis\command_analysis_app.c(213): warning:  #1035-D: single-precision operand implicitly converted to double-precision
  			robosharkstate.swim_param.pecfin_angle[1] += 0.27;
..\APPLICATION\CommandAnalysis\command_analysis_app.c(230): warning:  #223-D: function "depth_control_app_resume" declared implicitly
  			depth_control_app_resume();
..\APPLICATION\CommandAnalysis\command_analysis_app.c(237): warning:  #223-D: function "depth_control_app_stop" declared implicitly
  			depth_control_app_stop();
..\APPLICATION\CommandAnalysis\command_analysis_app.c(261): warning:  #1182-D: a declaration cannot have a label
  			uint8_t rmstatus = 0x00;
..\APPLICATION\CommandAnalysis\command_analysis_app.c(283): warning:  #167-D: argument of type "unsigned char *" is incompatible with parameter of type "const char *"
  			data = atof(message);
..\APPLICATION\CommandAnalysis\command_analysis_app.c(293): warning:  #167-D: argument of type "unsigned char *" is incompatible with parameter of type "const char *"
  			data = atof(message);
..\APPLICATION\CommandAnalysis\command_analysis_app.c(303): warning:  #167-D: argument of type "unsigned char *" is incompatible with parameter of type "const char *"
  			data = atof(message);
..\APPLICATION\CommandAnalysis\command_analysis_app.c(313): warning:  #167-D: argument of type "unsigned char *" is incompatible with parameter of type "const char *"
  			data = atof(message);
..\APPLICATION\CommandAnalysis\command_analysis_app.c(323): warning:  #167-D: argument of type "unsigned char *" is incompatible with parameter of type "const char *"
  			data = atof(message);
..\APPLICATION\CommandAnalysis\command_analysis_app.c(329): warning:  #167-D: argument of type "unsigned char *" is incompatible with parameter of type "const char *"
  			data = atof(message);
..\APPLICATION\CommandAnalysis\command_analysis_app.c(28): warning:  #546-D: transfer of control bypasses initialization of:
            variable "rmstatus"  (declared at line 261)
  	switch(command)
  	^
..\APPLICATION\CommandAnalysis\command_analysis_app.c(26): warning:  #177-D: variable "rw_cmd"  was declared but never referenced
  	uint8_t rw_cmd = 0;
..\APPLICATION\CommandAnalysis\command_analysis_app.c(419): warning:  #767-D: conversion from pointer to smaller integer
  		rx_data = (uint8_t)OSTaskQPend(0,
..\APPLICATION\CommandAnalysis\command_analysis_app.c(414): warning:  #177-D: variable "ret"  was declared but never referenced
  	uint8_t ret;
..\APPLICATION\CommandAnalysis\command_analysis_app.c: 55 warnings, 0 errors
compiling data_storage_app.c...
..\USER\config.h(55): warning:  #1-D: last line of file ends without a newline
  #endif
..\MIDDLEWARE\RFLink\rflink.h(141): warning:  #1-D: last line of file ends without a newline
  #endif
..\USER\robotstate.h(93): warning:  #1-D: last line of file ends without a newline
  #endif
..\APPLICATION\DataStorage\data_storage_app.h(40): warning:  #1-D: last line of file ends without a newline
  #endif
..\APPLICATION\DataStorage\data_storage_app.c(35): warning:  #167-D: argument of type "unsigned char *" is incompatible with parameter of type "char *restrict"
  		strcpy(datafile, fname); 
..\APPLICATION\DataStorage\data_storage_app.c(35): warning:  #167-D: argument of type "unsigned char *" is incompatible with parameter of type "const char *restrict"
  		strcpy(datafile, fname); 
..\APPLICATION\DataStorage\data_storage_app.c(27): warning:  #550-D: variable "res"  was set but never used
  	uint8_t res;
..\APPLICATION\DataStorage\data_storage_app.c(56): warning:  #177-D: variable "tick"  was declared but never referenced
  	OS_TICK tick;
..\APPLICATION\DataStorage\data_storage_app.c(186): warning:  #1-D: last line of file ends without a newline
  }
..\APPLICATION\DataStorage\data_storage_app.c: 9 warnings, 0 errors
compiling sensors_update_app.c...
..\HARDWARE\JY901\jy901.h(86): warning:  #1295-D: Deprecated declaration JY901_init - give arg types
  void JY901_init();
..\HARDWARE\JY901\jy901.h(89): warning:  #1-D: last line of file ends without a newline
  #endif
..\HARDWARE\VARISTOR\varistor.h(12): warning:  #1-D: last line of file ends without a newline
  #endif
..\HARDWARE\MS5837\ms5837.h(42): warning:  #1-D: last line of file ends without a newline
  #endif
..\HARDWARE\TFMINI\TFmini.h(25): warning:  #1295-D: Deprecated declaration TFmini_init - give arg types
  void TFmini_init();
..\HARDWARE\TFMINI\TFmini.h(33): warning:  #1295-D: Deprecated declaration TFmini_get_distance - give arg types
  uint16_t TFmini_get_distance();
..\HARDWARE\TFMINI\TFmini.h(34): warning:  #1-D: last line of file ends without a newline
  #endif
..\HARDWARE\E18Omdhon\E18.h(29): warning:  #1295-D: Deprecated declaration detect_filtering - give arg types
  void detect_filtering();				// 对障碍检测二值化结果滤波 （还未完成）
..\HARDWARE\E18Omdhon\E18.h(31): warning:  #1-D: last line of file ends without a newline
  #endif
..\USER\config.h(55): warning:  #1-D: last line of file ends without a newline
  #endif
..\MIDDLEWARE\RFLink\rflink.h(141): warning:  #1-D: last line of file ends without a newline
  #endif
..\MIDDLEWARE\UART6Printf\uart6_printf.h(17): warning:  #1-D: last line of file ends without a newline
  #endif
..\USER\robotstate.h(93): warning:  #1-D: last line of file ends without a newline
  #endif
..\APPLICATION\SensorsUpdate\sensors_update_app.h(44): warning:  #1-D: last line of file ends without a newline
  #endif
..\APPLICATION\SensorsUpdate\sensors_update_app.c(39): warning:  #177-D: variable "mpu_cnt"  was declared but never referenced
  	uint8_t mpu_cnt = 0;
..\APPLICATION\SensorsUpdate\sensors_update_app.c(40): warning:  #177-D: variable "var_cnt"  was declared but never referenced
  	uint8_t var_cnt = 0;
..\APPLICATION\SensorsUpdate\sensors_update_app.c(41): warning:  #177-D: variable "rwdata_cnt"  was declared but never referenced
  	uint8_t rwdata_cnt = 0;
..\APPLICATION\SensorsUpdate\sensors_update_app.c(44): warning:  #177-D: variable "sensor_timestamp"  was declared but never referenced
  	unsigned long sensor_timestamp;
..\APPLICATION\SensorsUpdate\sensors_update_app.c(64): warning:  #177-D: variable "databuf"  was declared but never referenced
  	uint8_t databuf[16];
..\APPLICATION\SensorsUpdate\sensors_update_app.c(205): warning:  #1-D: last line of file ends without a newline
  }
..\APPLICATION\SensorsUpdate\sensors_update_app.c: 21 warnings, 0 errors
compiling data_show_app.c...
..\USER\config.h(55): warning:  #1-D: last line of file ends without a newline
  #endif
..\MIDDLEWARE\RFLink\rflink.h(141): warning:  #1-D: last line of file ends without a newline
  #endif
..\USER\robotstate.h(93): warning:  #1-D: last line of file ends without a newline
  #endif
..\APPLICATION\DataShow\data_show_app.h(33): warning:  #1-D: last line of file ends without a newline
  #endif
..\APPLICATION\DataShow\data_show_app.c(211): warning:  #1-D: last line of file ends without a newline
  }
..\APPLICATION\DataShow\data_show_app.c: 5 warnings, 0 errors
compiling data_sendback_app.c...
..\USER\config.h(55): warning:  #1-D: last line of file ends without a newline
  #endif
..\MIDDLEWARE\RFLink\rflink.h(141): warning:  #1-D: last line of file ends without a newline
  #endif
..\HARDWARE\SERVO\servo_pwm.h(46): warning:  #1-D: last line of file ends without a newline
  #endif
..\MIDDLEWARE\ServoControl\tail_servo_control.h(32): warning:  #1-D: last line of file ends without a newline
  #endif
..\USER\robotstate.h(93): warning:  #1-D: last line of file ends without a newline
  #endif
..\APPLICATION\DataStorage\data_storage_app.h(40): warning:  #1-D: last line of file ends without a newline
  #endif
..\HARDWARE\JY901\jy901.h(86): warning:  #1295-D: Deprecated declaration JY901_init - give arg types
  void JY901_init();
..\HARDWARE\JY901\jy901.h(89): warning:  #1-D: last line of file ends without a newline
  #endif
..\HARDWARE\VARISTOR\varistor.h(12): warning:  #1-D: last line of file ends without a newline
  #endif
..\HARDWARE\MS5837\ms5837.h(42): warning:  #1-D: last line of file ends without a newline
  #endif
..\HARDWARE\TFMINI\TFmini.h(25): warning:  #1295-D: Deprecated declaration TFmini_init - give arg types
  void TFmini_init();
..\HARDWARE\TFMINI\TFmini.h(33): warning:  #1295-D: Deprecated declaration TFmini_get_distance - give arg types
  uint16_t TFmini_get_distance();
..\HARDWARE\TFMINI\TFmini.h(34): warning:  #1-D: last line of file ends without a newline
  #endif
..\HARDWARE\E18Omdhon\E18.h(27): warning:  #1295-D: Deprecated declaration E18_init - give arg types
  void E18_init();
..\HARDWARE\E18Omdhon\E18.h(29): warning:  #1295-D: Deprecated declaration detect_filtering - give arg types
  void detect_filtering();				// 对障碍检测二值化结果滤波 （还未完成）
..\HARDWARE\E18Omdhon\E18.h(31): warning:  #1-D: last line of file ends without a newline
  #endif
..\MIDDLEWARE\UART6Printf\uart6_printf.h(17): warning:  #1-D: last line of file ends without a newline
  #endif
..\APPLICATION\SensorsUpdate\sensors_update_app.h(44): warning:  #1-D: last line of file ends without a newline
  #endif
..\APPLICATION\DataSendBack\data_sendback_app.h(42): warning:  #1-D: last line of file ends without a newline
  #endif
..\APPLICATION\DataSendBack\data_sendback_app.c(26): warning:  #167-D: argument of type "unsigned char *" is incompatible with parameter of type "char *restrict"
  	strcpy(sendfile, fname);
..\APPLICATION\DataSendBack\data_sendback_app.c(26): warning:  #167-D: argument of type "unsigned char *" is incompatible with parameter of type "const char *restrict"
  	strcpy(sendfile, fname);
..\APPLICATION\DataSendBack\data_sendback_app.c(43): warning:  #223-D: function "pantilt_control_stop" declared implicitly
  	pantilt_control_stop();
..\APPLICATION\DataSendBack\data_sendback_app.c(60): warning:  #767-D: conversion from pointer to smaller integer
  		send_flag = (uint8_t)OSTaskQPend(0,
..\APPLICATION\DataSendBack\data_sendback_app.c: 23 warnings, 0 errors
compiling distributed_communicate_app.c...
..\USER\config.h(55): warning:  #1-D: last line of file ends without a newline
  #endif
..\MIDDLEWARE\RFLink\rflink.h(141): warning:  #1-D: last line of file ends without a newline
  #endif
..\USER\robotstate.h(93): warning:  #1-D: last line of file ends without a newline
  #endif
..\APPLICATION\DistributedComunicate\distributed_communicate_app.h(23): warning:  #1-D: last line of file ends without a newline
  #endif
..\APPLICATION\DistributedComunicate\distributed_communicate_app.c(105): warning:  #177-D: variable "a"  was declared but never referenced
  		int a = 1;
..\APPLICATION\DistributedComunicate\distributed_communicate_app.c(11): warning:  #177-D: variable "s_ucDataMissFlag"  was declared but never referenced
  static unsigned char s_ucDataMissFlag = 0;
..\APPLICATION\DistributedComunicate\distributed_communicate_app.c: 6 warnings, 0 errors
compiling collision_avoidance_app.c...
..\USER\robotstate.h(93): warning:  #1-D: last line of file ends without a newline
  #endif
..\APPLICATION\CollisionAvoidance\collision_avoidance_app.h(35): warning:  #1-D: last line of file ends without a newline
  #endif
..\APPLICATION\CollisionAvoidance\collision_avoidance_app.c(28): warning:  #177-D: variable "i"  was declared but never referenced
      int i = 0;
..\APPLICATION\CollisionAvoidance\collision_avoidance_app.c(30): warning:  #177-D: variable "last_os_tick"  was declared but never referenced
      OS_TICK last_os_tick;
..\APPLICATION\CollisionAvoidance\collision_avoidance_app.c(84): warning:  #1-D: last line of file ends without a newline
  }
..\APPLICATION\CollisionAvoidance\collision_avoidance_app.c: 5 warnings, 0 errors
compiling command_analysis_friend_app.c...
..\USER\config.h(55): warning:  #1-D: last line of file ends without a newline
  #endif
..\MIDDLEWARE\RFLink\rflink.h(141): warning:  #1-D: last line of file ends without a newline
  #endif
..\USER\robotstate.h(93): warning:  #1-D: last line of file ends without a newline
  #endif
..\APPLICATION\CommandAnalysisFromFriend\command_analysis_friend_app.h(33): warning:  #1-D: last line of file ends without a newline
  #endif
..\APPLICATION\CommandAnalysisFromFriend\command_analysis_friend_app.c(27): warning:  #223-D: function "swim_control_start" declared implicitly
  			swim_control_start();
..\APPLICATION\CommandAnalysisFromFriend\command_analysis_friend_app.c(31): warning:  #223-D: function "swim_control_stop" declared implicitly
  			swim_control_stop();
..\APPLICATION\CommandAnalysisFromFriend\command_analysis_friend_app.c(18): warning:  #177-D: variable "data1"  was declared but never referenced
  	float data1 = 0.0f;
..\APPLICATION\CommandAnalysisFromFriend\command_analysis_friend_app.c(19): warning:  #177-D: variable "data2"  was declared but never referenced
  	float data2 = 0.0f;
..\APPLICATION\CommandAnalysisFromFriend\command_analysis_friend_app.c(20): warning:  #177-D: variable "data3"  was declared but never referenced
  	float data3 = 0.0f;
..\APPLICATION\CommandAnalysisFromFriend\command_analysis_friend_app.c(21): warning:  #177-D: variable "data4"  was declared but never referenced
  	float data4 = 0.0f;
..\APPLICATION\CommandAnalysisFromFriend\command_analysis_friend_app.c(22): warning:  #177-D: variable "databuf"  was declared but never referenced
  	uint8_t databuf[16];
..\APPLICATION\CommandAnalysisFromFriend\command_analysis_friend_app.c(54): warning:  #767-D: conversion from pointer to smaller integer
  		rx_data = (uint8_t)OSTaskQPend(0,
..\APPLICATION\CommandAnalysisFromFriend\command_analysis_friend_app.c(49): warning:  #177-D: variable "ret"  was declared but never referenced
  	uint8_t ret;
..\APPLICATION\CommandAnalysisFromFriend\command_analysis_friend_app.c: 13 warnings, 0 errors
compiling depth_control_app.c...
..\USER\config.h(55): warning:  #1-D: last line of file ends without a newline
  #endif
..\MIDDLEWARE\RFLink\rflink.h(141): warning:  #1-D: last line of file ends without a newline
  #endif
..\MIDDLEWARE\UART6Printf\uart6_printf.h(17): warning:  #1-D: last line of file ends without a newline
  #endif
..\USER\robotstate.h(93): warning:  #1-D: last line of file ends without a newline
  #endif
..\USER\control_param.h(32): warning:  #1-D: last line of file ends without a newline
  #endif
..\APPLICATION\DepthControl\depth_control_app.h(39): warning:  #1-D: last line of file ends without a newline
  #endif
..\APPLICATION\DepthControl\depth_control_app.c(133): warning:  #1-D: last line of file ends without a newline
  }
..\APPLICATION\DepthControl\depth_control_app.c: 7 warnings, 0 errors
compiling target_tracking_app.c...
..\HARDWARE\VARISTOR\varistor.h(12): warning:  #1-D: last line of file ends without a newline
  #endif
..\HARDWARE\MS5837\ms5837.h(42): warning:  #1-D: last line of file ends without a newline
  #endif
..\USER\config.h(55): warning:  #1-D: last line of file ends without a newline
  #endif
..\MIDDLEWARE\RFLink\rflink.h(141): warning:  #1-D: last line of file ends without a newline
  #endif
..\MIDDLEWARE\UART6Printf\uart6_printf.h(17): warning:  #1-D: last line of file ends without a newline
  #endif
..\USER\robotstate.h(93): warning:  #1-D: last line of file ends without a newline
  #endif
..\APPLICATION\TargetTracking\target_tracking_app.h(40): warning:  #1-D: last line of file ends without a newline
  #endif
..\APPLICATION\TargetTracking\target_tracking_app.c(31): warning:  #177-D: variable "now_os_tick"  was declared but never referenced
  	OS_TICK now_os_tick;
..\APPLICATION\TargetTracking\target_tracking_app.c(115): warning:  #1-D: last line of file ends without a newline
  }
..\APPLICATION\TargetTracking\target_tracking_app.c: 9 warnings, 0 errors
assembling cpu_a.asm...
compiling cpu_core.c...
compiling lib_mem.c...
compiling bsp.c...
compiling lib_ascii.c...
compiling lib_math.c...
compiling cpu_c.c...
compiling os_cfg_app.c...
assembling lib_mem_a.asm...
compiling pantilt_control.c...
..\HARDWARE\MOTOR\motor.h(24): warning:  #1295-D: Deprecated declaration TB6612FNG1_init - give arg types
  static void TB6612FNG1_init();
..\HARDWARE\MOTOR\motor.h(25): warning:  #1295-D: Deprecated declaration TB6612FNG2_init - give arg types
  static void TB6612FNG2_init();
..\HARDWARE\MOTOR\motor.h(52): warning:  #1-D: last line of file ends without a newline
  #endif
..\USER\config.h(55): warning:  #1-D: last line of file ends without a newline
  #endif
..\MIDDLEWARE\RFLink\rflink.h(141): warning:  #1-D: last line of file ends without a newline
  #endif
..\USER\robotstate.h(93): warning:  #1-D: last line of file ends without a newline
  #endif
..\APPLICATION\PantiltControl\pantilt_control.h(47): warning:  #1295-D: Deprecated declaration pantilt_control_tmrcallback - give arg types
  void pantilt_control_tmrcallback();
..\APPLICATION\PantiltControl\pantilt_control.h(53): warning:  #1-D: last line of file ends without a newline
  #endif
..\APPLICATION\PantiltControl\pantilt_control.c(64): warning:  #177-D: variable "feedforward_angle"  was declared but never referenced
  	float feedforward_angle = 0.0f;
..\APPLICATION\PantiltControl\pantilt_control.c(65): warning:  #177-D: variable "feedforward_gyroz"  was declared but never referenced
  	float feedforward_gyroz = 0.0f;
..\APPLICATION\PantiltControl\pantilt_control.c(66): warning:  #177-D: variable "feedforward_output"  was declared but never referenced
  	float feedforward_output = 0.0f;
..\APPLICATION\PantiltControl\pantilt_control.c(67): warning:  #177-D: variable "last_feedforward_gyroz"  was declared but never referenced
  	float last_feedforward_gyroz[2] = {0.0f};
..\APPLICATION\PantiltControl\pantilt_control.c(68): warning:  #177-D: variable "feedforward_d_gyroz"  was declared but never referenced
  	float feedforward_d_gyroz = 0.0f;
..\APPLICATION\PantiltControl\pantilt_control.c(69): warning:  #177-D: variable "last_feedforward_d_gyroz"  was declared but never referenced
    float last_feedforward_d_gyroz = 0.0f;
..\APPLICATION\PantiltControl\pantilt_control.c(71): warning:  #550-D: variable "pwm"  was set but never used
  	int pwm = 0;
..\APPLICATION\PantiltControl\pantilt_control.c(19): warning:  #177-D: variable "feedforward_target_angle"  was declared but never referenced
  static float feedforward_target_angle = 0.0f;
..\APPLICATION\PantiltControl\pantilt_control.c: 19 warnings, 0 errors
compiling lib_str.c...
compiling os_mem.c...
compiling os_dbg.c...
compiling os_msg.c...
compiling os_int.c...
compiling os_core.c...
compiling os_pend_multi.c...
compiling auto_navigation_app.c...
..\USER\config.h(55): warning:  #1-D: last line of file ends without a newline
  #endif
..\MIDDLEWARE\RFLink\rflink.h(141): warning:  #1-D: last line of file ends without a newline
  #endif
..\HARDWARE\SERVO\servo_pwm.h(46): warning:  #1-D: last line of file ends without a newline
  #endif
..\MIDDLEWARE\ServoControl\tail_servo_control.h(32): warning:  #1-D: last line of file ends without a newline
  #endif
..\USER\robotstate.h(93): warning:  #1-D: last line of file ends without a newline
  #endif
..\APPLICATION\AutoNavigation\auto_navigation_app.h(104): warning:  #1-D: last line of file ends without a newline
  #endif
..\APPLICATION\AutoNavigation\auto_navigation_app.c(63): warning:  #188-D: enumerated type mixed with another type
      {NULL, NNNR, 0., .15, stop, sp},
..\APPLICATION\AutoNavigation\auto_navigation_app.c(65): warning:  #188-D: enumerated type mixed with another type
      {NULL, NNNR, .15, .3, forward_s, fss},
..\APPLICATION\AutoNavigation\auto_navigation_app.c(66): warning:  #188-D: enumerated type mixed with another type
      {NULL, NNNR, .3, .7, yaw_lr, lr},
..\APPLICATION\AutoNavigation\auto_navigation_app.c(67): warning:  #188-D: enumerated type mixed with another type
      {NULL, NNNR, .7, 1., yaw_ls, ls},
..\APPLICATION\AutoNavigation\auto_navigation_app.c(68): warning:  #188-D: enumerated type mixed with another type
      {NULL, NNLN, 0., .15, stop, sp},
..\APPLICATION\AutoNavigation\auto_navigation_app.c(70): warning:  #188-D: enumerated type mixed with another type
      {NULL, NNLN, .15, .3, forward_s, fss},
..\APPLICATION\AutoNavigation\auto_navigation_app.c(71): warning:  #188-D: enumerated type mixed with another type
      {NULL, NNLN, .3, .7, yaw_rr, rr},
..\APPLICATION\AutoNavigation\auto_navigation_app.c(72): warning:  #188-D: enumerated type mixed with another type
      {NULL, NNLN, .7, 1., yaw_rs, rs},
..\APPLICATION\AutoNavigation\auto_navigation_app.c(73): warning:  #188-D: enumerated type mixed with another type
      {NULL, NNLR, 0., .5, stop, sp},
..\APPLICATION\AutoNavigation\auto_navigation_app.c(75): warning:  #188-D: enumerated type mixed with another type
      {NULL, NNLR, .5, 1., forward_s, fss},
..\APPLICATION\AutoNavigation\auto_navigation_app.c(76): warning:  #188-D: enumerated type mixed with another type
      {NULL, NDNN, 0., .1, stop, sp},
..\APPLICATION\AutoNavigation\auto_navigation_app.c(77): warning:  #188-D: enumerated type mixed with another type
      {NULL, NDNN, .1, .15, forward_f, ff},
..\APPLICATION\AutoNavigation\auto_navigation_app.c(78): warning:  #188-D: enumerated type mixed with another type
      {NULL, NDNN, .15, .35, forward_s, fss},
..\APPLICATION\AutoNavigation\auto_navigation_app.c(79): warning:  #188-D: enumerated type mixed with another type
      {NULL, NDNN, .35, .45, yaw_lr, lr},
..\APPLICATION\AutoNavigation\auto_navigation_app.c(80): warning:  #188-D: enumerated type mixed with another type
      {NULL, NDNN, .45, .55, yaw_rr, rr},
..\APPLICATION\AutoNavigation\auto_navigation_app.c(81): warning:  #188-D: enumerated type mixed with another type
      {NULL, NDNN, .55, .65, yaw_ls, ls},
..\APPLICATION\AutoNavigation\auto_navigation_app.c(82): warning:  #188-D: enumerated type mixed with another type
      {NULL, NDNN, .65, .75, yaw_rs, rs},
..\APPLICATION\AutoNavigation\auto_navigation_app.c(83): warning:  #188-D: enumerated type mixed with another type
      {NULL, NDNN, .75, 1., pitch_u, up},
..\APPLICATION\AutoNavigation\auto_navigation_app.c(84): warning:  #188-D: enumerated type mixed with another type
      {NULL, NDNR, 0., .15, stop, sp},
..\APPLICATION\AutoNavigation\auto_navigation_app.c(86): warning:  #188-D: enumerated type mixed with another type
      {NULL, NDNR, .15, .3, forward_s, fss},
..\APPLICATION\AutoNavigation\auto_navigation_app.c(87): warning:  #188-D: enumerated type mixed with another type
      {NULL, NDNR, .3, .7, yaw_lr, lr},
..\APPLICATION\AutoNavigation\auto_navigation_app.c(88): warning:  #188-D: enumerated type mixed with another type
      {NULL, NDNR, .7, 1., yaw_ls, ls},
..\APPLICATION\AutoNavigation\auto_navigation_app.c(89): warning:  #188-D: enumerated type mixed with another type
      {NULL, NDLN, 0., .15, stop, sp},
..\APPLICATION\AutoNavigation\auto_navigation_app.c(91): warning:  #188-D: enumerated type mixed with another type
      {NULL, NDLN, .15, .3, forward_s, fss},
..\APPLICATION\AutoNavigation\auto_navigation_app.c(92): warning:  #188-D: enumerated type mixed with another type
      {NULL, NDLN, .3, .7, yaw_rr, rr},
..\APPLICATION\AutoNavigation\auto_navigation_app.c(93): warning:  #188-D: enumerated type mixed with another type
      {NULL, NDLN, .7, 1., yaw_rs, rs},
..\APPLICATION\AutoNavigation\auto_navigation_app.c(94): warning:  #188-D: enumerated type mixed with another type
      {NULL, NDLR, 0., .3, stop, sp},
..\APPLICATION\AutoNavigation\auto_navigation_app.c(95): warning:  #188-D: enumerated type mixed with another type
      {NULL, NDLR, .3, .7, forward_s, fss},
..\APPLICATION\AutoNavigation\auto_navigation_app.c(96): warning:  #188-D: enumerated type mixed with another type
      {NULL, NDLR, .7, 1., pitch_u, up},
..\APPLICATION\AutoNavigation\auto_navigation_app.c(97): warning:  #188-D: enumerated type mixed with another type
      {NULL, FNNN, 0., .5, yaw_lr, lr},
..\APPLICATION\AutoNavigation\auto_navigation_app.c(98): warning:  #188-D: enumerated type mixed with another type
      {NULL, FNNN, .5, 1., yaw_rr, rr},
..\APPLICATION\AutoNavigation\auto_navigation_app.c(99): warning:  #188-D: enumerated type mixed with another type
      {NULL, FNNR, 0., 1., yaw_lr, lr},
..\APPLICATION\AutoNavigation\auto_navigation_app.c(100): warning:  #188-D: enumerated type mixed with another type
      {NULL, FNLN, 0., 1., yaw_rr, rr},
..\APPLICATION\AutoNavigation\auto_navigation_app.c(101): warning:  #188-D: enumerated type mixed with another type
      {NULL, FNLR, 0., 1., stop, sp},
..\APPLICATION\AutoNavigation\auto_navigation_app.c(102): warning:  #188-D: enumerated type mixed with another type
      {NULL, FDNN, 0., .5, yaw_lr, lr},
..\APPLICATION\AutoNavigation\auto_navigation_app.c(103): warning:  #188-D: enumerated type mixed with another type
      {NULL, FDNN, .5, 1., yaw_rr, rr},
..\APPLICATION\AutoNavigation\auto_navigation_app.c(104): warning:  #188-D: enumerated type mixed with another type
      {NULL, FDNR, 0., 1., yaw_lr, lr}, 
..\APPLICATION\AutoNavigation\auto_navigation_app.c(105): warning:  #188-D: enumerated type mixed with another type
      {NULL, FDLN, 0., 1., yaw_rr, rr},
..\APPLICATION\AutoNavigation\auto_navigation_app.c(106): warning:  #188-D: enumerated type mixed with another type
      {NULL, FDLR, 0., 1., stop, sp}
..\APPLICATION\AutoNavigation\auto_navigation_app.c(135): warning:  #1035-D: single-precision operand implicitly converted to double-precision
              if((((pSM->transform[i].nextMotionState == yaw_lr) || (pSM->transform[i].nextMotionState == yaw_ls)) && robosharkstate.swim_param.motion_offset > 0.) &&
..\APPLICATION\AutoNavigation\auto_navigation_app.c(136): warning:  #1035-D: single-precision operand implicitly converted to double-precision
                  (((pSM->transform[i].nextMotionState == yaw_rr) || (pSM->transform[i].nextMotionState == yaw_rs)) && robosharkstate.swim_param.motion_offset < 0.))
..\APPLICATION\AutoNavigation\auto_navigation_app.c(139): warning:  #1166-D: returning pointer to local variable
                  return &tempTrans[0];
..\APPLICATION\AutoNavigation\auto_navigation_app.c(144): warning:  #1166-D: returning pointer to local variable
                  return &tempTrans[0]; 
..\APPLICATION\AutoNavigation\auto_navigation_app.c(149): warning:  #1166-D: returning pointer to local variable
                  return &tempTrans[0]; 
..\APPLICATION\AutoNavigation\auto_navigation_app.c(158): warning:  #1035-D: single-precision operand implicitly converted to double-precision
              if((((pSM->transform[i].nextMotionState == yaw_lr) || (pSM->transform[i].nextMotionState == yaw_ls)) && robosharkstate.swim_param.motion_offset > 0.) &&
..\APPLICATION\AutoNavigation\auto_navigation_app.c(159): warning:  #1035-D: single-precision operand implicitly converted to double-precision
                  (((pSM->transform[i].nextMotionState == yaw_rr) || (pSM->transform[i].nextMotionState == yaw_rs)) && robosharkstate.swim_param.motion_offset < 0.))
..\APPLICATION\AutoNavigation\auto_navigation_app.c(162): warning:  #1166-D: returning pointer to local variable
                  return &tempTrans[0];
..\APPLICATION\AutoNavigation\auto_navigation_app.c(185): warning:  #1035-D: single-precision operand implicitly converted to double-precision
          if(pTrans->transProb_d == 1.)
..\APPLICATION\AutoNavigation\auto_navigation_app.c(238): warning:  #188-D: enumerated type mixed with another type
          curEvt = (obs_ahead | obs_down | obs_left | obs_right) + 1;
..\APPLICATION\AutoNavigation\auto_navigation_app.c(270): warning:  #167-D: argument of type "void (*)()" is incompatible with parameter of type "OS_TASK_PTR"
  							 auto_navigation_app_task,
..\APPLICATION\AutoNavigation\auto_navigation_app.c: 56 warnings, 0 errors
compiling os_flag.c...
compiling os_mutex.c...
compiling os_prio.c...
compiling os_q.c...
compiling os_sem.c...
compiling os_stat.c...
compiling os_tmr.c...
compiling os_tick.c...
compiling os_time.c...
assembling os_cpu_a.asm...
compiling os_task.c...
compiling os_app_hooks.c...
compiling os_var.c...
compiling arm_cos_f32.c...
..\CORE\core_cm4.h(112): warning:  #1215-D: #warning directive: "Compiler generates FPU instructions for a device without an FPU (check __FPU_PRESENT)"
        #warning "Compiler generates FPU instructions for a device without an FPU (check __FPU_PRESENT)"
..\CORE\CMSIS\DSP_Lib\Source\FastMathFunctions\arm_cos_f32.c: 1 warning, 0 errors
compiling arm_sin_f32.c...
..\CORE\core_cm4.h(112): warning:  #1215-D: #warning directive: "Compiler generates FPU instructions for a device without an FPU (check __FPU_PRESENT)"
        #warning "Compiler generates FPU instructions for a device without an FPU (check __FPU_PRESENT)"
..\CORE\CMSIS\DSP_Lib\Source\FastMathFunctions\arm_sin_f32.c: 1 warning, 0 errors
compiling cc936.c...
compiling os_cpu_c.c...
compiling ff.c...
compiling diskio.c...
compiling exfuns.c...
compiling fattester.c...
..\USER\config.h(55): warning:  #1-D: last line of file ends without a newline
  #endif
..\MIDDLEWARE\RFLink\rflink.h(141): warning:  #1-D: last line of file ends without a newline
  #endif
..\MIDDLEWARE\FATFS\exfuns\fattester.c(53): warning:  #177-D: variable "t"  was declared but never referenced
  	u16 i,t;
..\MIDDLEWARE\FATFS\exfuns\fattester.c: 3 warnings, 0 errors
linking...
Program Size: Code=104964 RO-data=177328 RW-data=1988 ZI-data=1223444  
FromELF: creating hex file...
"..\OBJ\platform.axf" - 0 Error(s), 393 Warning(s).

<h2>Collection of Component include folders:</h2>
  C:\Users\yan\Workspace\RobotShark-MCU\USER\RTE\_Template
  D:\software\Keil\ARM\PACK\Keil\STM32F4xx_DFP\2.13.0\Drivers\CMSIS\Device\ST\STM32F4xx\Include

<h2>Collection of Component Files used:</h2>
Build Time Elapsed:  00:00:17
</pre>
</body>
</html>
